Archive member included to satisfy reference by file (symbol)

c:/siliconlabs/simplicitystudio/v5/developer/toolchains/gnu_arm/7.2_2017q4/bin/../lib/gcc/arm-none-eabi/7.2.1/thumb/v7e-m/fpv4-sp/softfp\libgcc.a(_aeabi_ldivmod.o)
                              ./gecko_sdk_3.1.1/platform/emlib/src/em_usart.o (__aeabi_ldivmod)
c:/siliconlabs/simplicitystudio/v5/developer/toolchains/gnu_arm/7.2_2017q4/bin/../lib/gcc/arm-none-eabi/7.2.1/thumb/v7e-m/fpv4-sp/softfp\libgcc.a(_aeabi_uldivmod.o)
                              ./gecko_sdk_3.1.1/platform/emlib/src/em_usart.o (__aeabi_uldivmod)
c:/siliconlabs/simplicitystudio/v5/developer/toolchains/gnu_arm/7.2_2017q4/bin/../lib/gcc/arm-none-eabi/7.2.1/thumb/v7e-m/fpv4-sp/softfp\libgcc.a(_udivmoddi4.o)
                              c:/siliconlabs/simplicitystudio/v5/developer/toolchains/gnu_arm/7.2_2017q4/bin/../lib/gcc/arm-none-eabi/7.2.1/thumb/v7e-m/fpv4-sp/softfp\libgcc.a(_aeabi_ldivmod.o) (__udivmoddi4)
c:/siliconlabs/simplicitystudio/v5/developer/toolchains/gnu_arm/7.2_2017q4/bin/../lib/gcc/arm-none-eabi/7.2.1/thumb/v7e-m/fpv4-sp/softfp\libgcc.a(_dvmd_tls.o)
                              c:/siliconlabs/simplicitystudio/v5/developer/toolchains/gnu_arm/7.2_2017q4/bin/../lib/gcc/arm-none-eabi/7.2.1/thumb/v7e-m/fpv4-sp/softfp\libgcc.a(_aeabi_ldivmod.o) (__aeabi_ldiv0)
c:/siliconlabs/simplicitystudio/v5/developer/toolchains/gnu_arm/7.2_2017q4/bin/../lib/gcc/arm-none-eabi/7.2.1/../../../../arm-none-eabi/lib/thumb/v7e-m/fpv4-sp/softfp\libc_nano.a(lib_a-exit.o)
                              c:/siliconlabs/simplicitystudio/v5/developer/toolchains/gnu_arm/7.2_2017q4/bin/../lib/gcc/arm-none-eabi/7.2.1/../../../../arm-none-eabi/lib/thumb/v7e-m/fpv4-sp/softfp/crt0.o (exit)
c:/siliconlabs/simplicitystudio/v5/developer/toolchains/gnu_arm/7.2_2017q4/bin/../lib/gcc/arm-none-eabi/7.2.1/../../../../arm-none-eabi/lib/thumb/v7e-m/fpv4-sp/softfp\libc_nano.a(lib_a-impure.o)
                              c:/siliconlabs/simplicitystudio/v5/developer/toolchains/gnu_arm/7.2_2017q4/bin/../lib/gcc/arm-none-eabi/7.2.1/../../../../arm-none-eabi/lib/thumb/v7e-m/fpv4-sp/softfp\libc_nano.a(lib_a-exit.o) (_global_impure_ptr)
c:/siliconlabs/simplicitystudio/v5/developer/toolchains/gnu_arm/7.2_2017q4/bin/../lib/gcc/arm-none-eabi/7.2.1/../../../../arm-none-eabi/lib/thumb/v7e-m/fpv4-sp/softfp\libc_nano.a(lib_a-init.o)
                              c:/siliconlabs/simplicitystudio/v5/developer/toolchains/gnu_arm/7.2_2017q4/bin/../lib/gcc/arm-none-eabi/7.2.1/../../../../arm-none-eabi/lib/thumb/v7e-m/fpv4-sp/softfp/crt0.o (__libc_init_array)
c:/siliconlabs/simplicitystudio/v5/developer/toolchains/gnu_arm/7.2_2017q4/bin/../lib/gcc/arm-none-eabi/7.2.1/../../../../arm-none-eabi/lib/thumb/v7e-m/fpv4-sp/softfp\libc_nano.a(lib_a-memcpy-stub.o)
                              ./gecko_sdk_3.1.1/platform/emlib/src/em_crypto.o (memcpy)
c:/siliconlabs/simplicitystudio/v5/developer/toolchains/gnu_arm/7.2_2017q4/bin/../lib/gcc/arm-none-eabi/7.2.1/../../../../arm-none-eabi/lib/thumb/v7e-m/fpv4-sp/softfp\libc_nano.a(lib_a-memset.o)
                              c:/siliconlabs/simplicitystudio/v5/developer/toolchains/gnu_arm/7.2_2017q4/bin/../lib/gcc/arm-none-eabi/7.2.1/../../../../arm-none-eabi/lib/thumb/v7e-m/fpv4-sp/softfp/crt0.o (memset)
c:/siliconlabs/simplicitystudio/v5/developer/toolchains/gnu_arm/7.2_2017q4/bin/../lib/gcc/arm-none-eabi/7.2.1/../../../../arm-none-eabi/lib/thumb/v7e-m/fpv4-sp/softfp\libc_nano.a(lib_a-printf.o)
                              ./my_func.o (printf)
c:/siliconlabs/simplicitystudio/v5/developer/toolchains/gnu_arm/7.2_2017q4/bin/../lib/gcc/arm-none-eabi/7.2.1/../../../../arm-none-eabi/lib/thumb/v7e-m/fpv4-sp/softfp\libc_nano.a(lib_a-sprintf.o)
                              ./main.o (sprintf)
c:/siliconlabs/simplicitystudio/v5/developer/toolchains/gnu_arm/7.2_2017q4/bin/../lib/gcc/arm-none-eabi/7.2.1/../../../../arm-none-eabi/lib/thumb/v7e-m/fpv4-sp/softfp\libc_nano.a(lib_a-strlen.o)
                              ./my_func.o (strlen)
c:/siliconlabs/simplicitystudio/v5/developer/toolchains/gnu_arm/7.2_2017q4/bin/../lib/gcc/arm-none-eabi/7.2.1/../../../../arm-none-eabi/lib/thumb/v7e-m/fpv4-sp/softfp\libc_nano.a(lib_a-findfp.o)
                              c:/siliconlabs/simplicitystudio/v5/developer/toolchains/gnu_arm/7.2_2017q4/bin/../lib/gcc/arm-none-eabi/7.2.1/../../../../arm-none-eabi/lib/thumb/v7e-m/fpv4-sp/softfp\libc_nano.a(lib_a-printf.o) (__sinit)
c:/siliconlabs/simplicitystudio/v5/developer/toolchains/gnu_arm/7.2_2017q4/bin/../lib/gcc/arm-none-eabi/7.2.1/../../../../arm-none-eabi/lib/thumb/v7e-m/fpv4-sp/softfp\libc_nano.a(lib_a-fwalk.o)
                              c:/siliconlabs/simplicitystudio/v5/developer/toolchains/gnu_arm/7.2_2017q4/bin/../lib/gcc/arm-none-eabi/7.2.1/../../../../arm-none-eabi/lib/thumb/v7e-m/fpv4-sp/softfp\libc_nano.a(lib_a-findfp.o) (_fwalk)
[...]
Memory Configuration

Name             Origin             Length             Attributes
FLASH            0x00000000         0x00080000         xr
RAM              0x20000000         0x00010000         xrw
*default*        0x00000000         0xffffffff

Linker script and memory map

LOAD c:/siliconlabs/simplicitystudio/v5/developer/toolchains/gnu_arm/7.2_2017q4/bin/../lib/gcc/arm-none-eabi/7.2.1/thumb/v7e-m/fpv4-sp/softfp/crti.o
LOAD c:/siliconlabs/simplicitystudio/v5/developer/toolchains/gnu_arm/7.2_2017q4/bin/../lib/gcc/arm-none-eabi/7.2.1/thumb/v7e-m/fpv4-sp/softfp/crtbegin.o
LOAD c:/siliconlabs/simplicitystudio/v5/developer/toolchains/gnu_arm/7.2_2017q4/bin/../lib/gcc/arm-none-eabi/7.2.1/../../../../arm-none-eabi/lib/thumb/v7e-m/fpv4-sp/softfp/crt0.o
START GROUP
LOAD ./autogen/sl_device_init_clocks.o
LOAD ./autogen/sl_event_handler.o
LOAD ./gecko_sdk_3.1.1/platform/Device/SiliconLabs/BGM13/Source/GCC/startup_bgm13.o
LOAD ./gecko_sdk_3.1.1/platform/Device/SiliconLabs/BGM13/Source/system_bgm13.o
LOAD ./gecko_sdk_3.1.1/platform/common/toolchain/src/sl_memory.o
LOAD ./gecko_sdk_3.1.1/platform/emlib/src/em_acmp.o
LOAD ./gecko_sdk_3.1.1/platform/emlib/src/em_adc.o
LOAD ./gecko_sdk_3.1.1/platform/emlib/src/em_aes.o
LOAD ./gecko_sdk_3.1.1/platform/emlib/src/em_assert.o
LOAD ./gecko_sdk_3.1.1/platform/emlib/src/em_burtc.o
LOAD ./gecko_sdk_3.1.1/platform/emlib/src/em_can.o
LOAD ./gecko_sdk_3.1.1/platform/emlib/src/em_cmu.o
LOAD ./gecko_sdk_3.1.1/platform/emlib/src/em_cmu_fpga.o
LOAD ./gecko_sdk_3.1.1/platform/emlib/src/em_core.o
LOAD ./gecko_sdk_3.1.1/platform/emlib/src/em_cryotimer.o
LOAD ./gecko_sdk_3.1.1/platform/emlib/src/em_crypto.o
LOAD ./gecko_sdk_3.1.1/platform/emlib/src/em_csen.o
LOAD ./gecko_sdk_3.1.1/platform/emlib/src/em_dac.o
LOAD ./gecko_sdk_3.1.1/platform/emlib/src/em_dbg.o
LOAD ./gecko_sdk_3.1.1/platform/emlib/src/em_dma.o
LOAD ./gecko_sdk_3.1.1/platform/emlib/src/em_ebi.o
LOAD ./gecko_sdk_3.1.1/platform/emlib/src/em_emu.o
LOAD ./gecko_sdk_3.1.1/platform/emlib/src/em_eusart.o
LOAD ./gecko_sdk_3.1.1/platform/emlib/src/em_gpcrc.o
LOAD ./gecko_sdk_3.1.1/platform/emlib/src/em_gpio.o
LOAD ./gecko_sdk_3.1.1/platform/emlib/src/em_i2c.o
LOAD ./gecko_sdk_3.1.1/platform/emlib/src/em_iadc.o
LOAD ./gecko_sdk_3.1.1/platform/emlib/src/em_idac.o
LOAD ./gecko_sdk_3.1.1/platform/emlib/src/em_lcd.o
LOAD ./gecko_sdk_3.1.1/platform/emlib/src/em_ldma.o
LOAD ./gecko_sdk_3.1.1/platform/emlib/src/em_lesense.o
LOAD ./gecko_sdk_3.1.1/platform/emlib/src/em_letimer.o
LOAD ./gecko_sdk_3.1.1/platform/emlib/src/em_leuart.o
LOAD ./gecko_sdk_3.1.1/platform/emlib/src/em_msc.o
LOAD ./gecko_sdk_3.1.1/platform/emlib/src/em_opamp.o
LOAD ./gecko_sdk_3.1.1/platform/emlib/src/em_pcnt.o
LOAD ./gecko_sdk_3.1.1/platform/emlib/src/em_pdm.o
LOAD ./gecko_sdk_3.1.1/platform/emlib/src/em_prs.o
LOAD ./gecko_sdk_3.1.1/platform/emlib/src/em_qspi.o
LOAD ./gecko_sdk_3.1.1/platform/emlib/src/em_rmu.o
LOAD ./gecko_sdk_3.1.1/platform/emlib/src/em_rtc.o
LOAD ./gecko_sdk_3.1.1/platform/emlib/src/em_rtcc.o
LOAD ./gecko_sdk_3.1.1/platform/emlib/src/em_se.o
LOAD ./gecko_sdk_3.1.1/platform/emlib/src/em_system.o
LOAD ./gecko_sdk_3.1.1/platform/emlib/src/em_timer.o
LOAD ./gecko_sdk_3.1.1/platform/emlib/src/em_usart.o
LOAD ./gecko_sdk_3.1.1/platform/emlib/src/em_vcmp.o
LOAD ./gecko_sdk_3.1.1/platform/emlib/src/em_vdac.o
LOAD ./gecko_sdk_3.1.1/platform/emlib/src/em_wdog.o
LOAD ./gecko_sdk_3.1.1/platform/service/device_init/src/sl_device_init_dcdc_s1.o
LOAD ./gecko_sdk_3.1.1/platform/service/device_init/src/sl_device_init_emu_s1.o
LOAD ./gecko_sdk_3.1.1/platform/service/device_init/src/sl_device_init_hfxo_s1.o
LOAD ./gecko_sdk_3.1.1/platform/service/device_init/src/sl_device_init_nvic.o
LOAD ./gecko_sdk_3.1.1/platform/service/system/src/sl_system_init.o
LOAD ./gecko_sdk_3.1.1/platform/service/system/src/sl_system_process_action.o
LOAD ./main.o
LOAD ./my_func.o
LOAD c:/siliconlabs/simplicitystudio/v5/developer/toolchains/gnu_arm/7.2_2017q4/bin/../lib/gcc/arm-none-eabi/7.2.1/thumb/v7e-m/fpv4-sp/softfp\libgcc.a
LOAD c:/siliconlabs/simplicitystudio/v5/developer/toolchains/gnu_arm/7.2_2017q4/bin/../lib/gcc/arm-none-eabi/7.2.1/../../../../arm-none-eabi/lib/thumb/v7e-m/fpv4-sp/softfp\libc_nano.a
LOAD c:/siliconlabs/simplicitystudio/v5/developer/toolchains/gnu_arm/7.2_2017q4/bin/../lib/gcc/arm-none-eabi/7.2.1/../../../../arm-none-eabi/lib/thumb/v7e-m/fpv4-sp/softfp\libm.a
LOAD c:/siliconlabs/simplicitystudio/v5/developer/toolchains/gnu_arm/7.2_2017q4/bin/../lib/gcc/arm-none-eabi/7.2.1/../../../../arm-none-eabi/lib/thumb/v7e-m/fpv4-sp/softfp\libnosys.a
END GROUP
START GROUP
LOAD c:/siliconlabs/simplicitystudio/v5/developer/toolchains/gnu_arm/7.2_2017q4/bin/../lib/gcc/arm-none-eabi/7.2.1/thumb/v7e-m/fpv4-sp/softfp\libgcc.a
LOAD c:/siliconlabs/simplicitystudio/v5/developer/toolchains/gnu_arm/7.2_2017q4/bin/../lib/gcc/arm-none-eabi/7.2.1/../../../../arm-none-eabi/lib/thumb/v7e-m/fpv4-sp/softfp\libc_nano.a
LOAD c:/siliconlabs/simplicitystudio/v5/developer/toolchains/gnu_arm/7.2_2017q4/bin/../lib/gcc/arm-none-eabi/7.2.1/../../../../arm-none-eabi/lib/thumb/v7e-m/fpv4-sp/softfp\libnosys.a
END GROUP
START GROUP
LOAD c:/siliconlabs/simplicitystudio/v5/developer/toolchains/gnu_arm/7.2_2017q4/bin/../lib/gcc/arm-none-eabi/7.2.1/thumb/v7e-m/fpv4-sp/softfp\libgcc.a
LOAD c:/siliconlabs/simplicitystudio/v5/developer/toolchains/gnu_arm/7.2_2017q4/bin/../lib/gcc/arm-none-eabi/7.2.1/../../../../arm-none-eabi/lib/thumb/v7e-m/fpv4-sp/softfp\libg_nano.a
LOAD c:/siliconlabs/simplicitystudio/v5/developer/toolchains/gnu_arm/7.2_2017q4/bin/../lib/gcc/arm-none-eabi/7.2.1/../../../../arm-none-eabi/lib/thumb/v7e-m/fpv4-sp/softfp\libc_nano.a
END GROUP
START GROUP
LOAD c:/siliconlabs/simplicitystudio/v5/developer/toolchains/gnu_arm/7.2_2017q4/bin/../lib/gcc/arm-none-eabi/7.2.1/thumb/v7e-m/fpv4-sp/softfp\libgcc.a
LOAD c:/siliconlabs/simplicitystudio/v5/developer/toolchains/gnu_arm/7.2_2017q4/bin/../lib/gcc/arm-none-eabi/7.2.1/../../../../arm-none-eabi/lib/thumb/v7e-m/fpv4-sp/softfp\libc_nano.a
END GROUP
LOAD c:/siliconlabs/simplicitystudio/v5/developer/toolchains/gnu_arm/7.2_2017q4/bin/../lib/gcc/arm-none-eabi/7.2.1/thumb/v7e-m/fpv4-sp/softfp/crtend.o
LOAD c:/siliconlabs/simplicitystudio/v5/developer/toolchains/gnu_arm/7.2_2017q4/bin/../lib/gcc/arm-none-eabi/7.2.1/thumb/v7e-m/fpv4-sp/softfp/crtn.o

.text           0x00000000     0x263c
                0x00000000                linker_vectors_begin = .
 *(.vectors)
 .vectors       0x00000000       0xfc ./gecko_sdk_3.1.1/platform/Device/SiliconLabs/BGM13/Source/GCC/startup_bgm13.o
                0x00000000                __Vectors
                0x000000fc                linker_vectors_end = .
                0x000000fc                __Vectors_End = .
                0x000000fc                __Vectors_Size = (__Vectors_End - __Vectors)
                0x000000fc                linker_code_begin = .
 *(.text*)
 .text          0x000000fc       0x40 c:/siliconlabs/simplicitystudio/v5/developer/toolchains/gnu_arm/7.2_2017q4/bin/../lib/gcc/arm-none-eabi/7.2.1/thumb/v7e-m/fpv4-sp/softfp/crtbegin.o
 .text          0x0000013c       0x74 c:/siliconlabs/simplicitystudio/v5/developer/toolchains/gnu_arm/7.2_2017q4/bin/../lib/gcc/arm-none-eabi/7.2.1/../../../../arm-none-eabi/lib/thumb/v7e-m/fpv4-sp/softfp/crt0.o
                0x0000013c                _start
                0x0000013c                _mainCRTStartup
 .text.Default_Handler
                0x000001b0        0x2 ./gecko_sdk_3.1.1/platform/Device/SiliconLabs/BGM13/Source/GCC/startup_bgm13.o
                0x000001b0                DebugMon_Handler
                0x000001b0                USART0_TX_IRQHandler
                0x000001b0                PRORTC_IRQHandler
                0x000001b0                I2C0_IRQHandler
                0x000001b0                HardFault_Handler
                0x000001b0                SysTick_Handler
                0x000001b0                USART1_RX_IRQHandler
                0x000001b0                PendSV_Handler
                0x000001b0                NMI_Handler
                0x000001b0                SYNTH_IRQHandler
                0x000001b0                I2C1_IRQHandler
                0x000001b0                WTIMER0_IRQHandler
                0x000001b0                CRYPTO0_IRQHandler
                0x000001b0                WDOG0_IRQHandler
                0x000001b0                USART1_TX_IRQHandler
                0x000001b0                SMU_IRQHandler
                0x000001b0                MSC_IRQHandler
                0x000001b0                ADC0_IRQHandler
                0x000001b0                UsageFault_Handler
                0x000001b0                WDOG1_IRQHandler
                0x000001b0                LEUART0_IRQHandler
                0x000001b0                FPUEH_IRQHandler
                0x000001b0                GPIO_EVEN_IRQHandler
                0x000001b0                VDAC0_IRQHandler
                0x000001b0                LDMA_IRQHandler
                0x000001b0                CSEN_IRQHandler
                0x000001b0                CRYPTO1_IRQHandler
                0x000001b0                TIMER0_IRQHandler
                0x000001b0                LETIMER0_IRQHandler
                0x000001b0                TIMER1_IRQHandler
                0x000001b0                TRNG0_IRQHandler
                0x000001b0                RFSENSE_IRQHandler
                0x000001b0                BUFC_IRQHandler
                0x000001b0                MODEM_IRQHandler
                0x000001b0                USART2_RX_IRQHandler
                0x000001b0                Default_Handler
                0x000001b0                RAC_SEQ_IRQHandler
                0x000001b0                FRC_PRI_IRQHandler
                0x000001b0                EMU_IRQHandler
                0x000001b0                FRC_IRQHandler
                0x000001b0                CRYOTIMER_IRQHandler
                0x000001b0                PCNT0_IRQHandler
                0x000001b0                AGC_IRQHandler
                0x000001b0                sl_app_properties
                0x000001b0                ACMP0_IRQHandler
                0x000001b0                USART0_RX_IRQHandler
                0x000001b0                MemManage_Handler
                0x000001b0                SVC_Handler
                0x000001b0                RTCC_IRQHandler
                0x000001b0                CMU_IRQHandler
                0x000001b0                RAC_RSM_IRQHandler
                0x000001b0                GPIO_ODD_IRQHandler
                0x000001b0                LESENSE_IRQHandler
                0x000001b0                PROTIMER_IRQHandler
                0x000001b0                BusFault_Handler
                0x000001b0                USART2_TX_IRQHandler
                0x000001b0                IDAC0_IRQHandler
 *fill*         0x000001b2        0x2 
 .text.Reset_Handler
                0x000001b4       0x2c ./gecko_sdk_3.1.1/platform/Device/SiliconLabs/BGM13/Source/GCC/startup_bgm13.o
                0x000001b4                Reset_Handler
 .text.SystemHFClockGet
                0x000001e0       0x54 ./gecko_sdk_3.1.1/platform/Device/SiliconLabs/BGM13/Source/system_bgm13.o
                0x000001e0                SystemHFClockGet
 .text.SystemHFXOClockGet
                0x00000234        0xc ./gecko_sdk_3.1.1/platform/Device/SiliconLabs/BGM13/Source/system_bgm13.o
                0x00000234                SystemHFXOClockGet
 .text.SystemInit
                0x00000240       0x1c ./gecko_sdk_3.1.1/platform/Device/SiliconLabs/BGM13/Source/system_bgm13.o
                0x00000240                SystemInit
 .text.SystemLFRCOClockGet
                0x0000025c        0x6 ./gecko_sdk_3.1.1/platform/Device/SiliconLabs/BGM13/Source/system_bgm13.o
                0x0000025c                SystemLFRCOClockGet
 .text.SystemULFRCOClockGet
                0x00000262        0x6 ./gecko_sdk_3.1.1/platform/Device/SiliconLabs/BGM13/Source/system_bgm13.o
                0x00000262                SystemULFRCOClockGet
 .text.SystemLFXOClockGet
                0x00000268        0xc ./gecko_sdk_3.1.1/platform/Device/SiliconLabs/BGM13/Source/system_bgm13.o
                0x00000268                SystemLFXOClockGet
 .text._sbrk    0x00000274       0x20 ./gecko_sdk_3.1.1/platform/common/toolchain/src/sl_memory.o
                0x00000274                _sbrk
 .text.assertEFM
                0x00000294        0x2 ./gecko_sdk_3.1.1/platform/emlib/src/em_assert.o
                0x00000294                assertEFM
 *fill*         0x00000296        0x2 
 .text.SL_Log2ToDiv
                0x00000298       0x1c ./gecko_sdk_3.1.1/platform/emlib/src/em_cmu.o
 .text.syncReg  0x000002b4       0x18 ./gecko_sdk_3.1.1/platform/emlib/src/em_cmu.o
 .text.CMU_ClockEnable
                0x000002cc       0x8c ./gecko_sdk_3.1.1/platform/emlib/src/em_cmu.o
                0x000002cc                CMU_ClockEnable
 .text.CMU_ClockPrescGet
                0x00000358       0xec ./gecko_sdk_3.1.1/platform/emlib/src/em_cmu.o
                0x00000358                CMU_ClockPrescGet
 .text.CMU_ClockDivGet
                0x00000444        0xa ./gecko_sdk_3.1.1/platform/emlib/src/em_cmu.o
                0x00000444                CMU_ClockDivGet
 *fill*         0x0000044e        0x2 
 .text.CMU_ClockSelectGet
                0x00000450       0xdc ./gecko_sdk_3.1.1/platform/emlib/src/em_cmu.o
                0x00000450                CMU_ClockSelectGet
 .text.lfClkGet
                0x0000052c       0xc8 ./gecko_sdk_3.1.1/platform/emlib/src/em_cmu.o
 .text.CMU_ClockFreqGet
                0x000005f4      0x1dc ./gecko_sdk_3.1.1/platform/emlib/src/em_cmu.o
                0x000005f4                CMU_ClockFreqGet
 .text.GPIO_PinOutSet
                0x000007d0       0x58 ./gecko_sdk_3.1.1/platform/emlib/src/em_gpio.o
 .text.GPIO_PinOutClear
                0x00000828       0x58 ./gecko_sdk_3.1.1/platform/emlib/src/em_gpio.o
 .text.GPIO_PinModeSet
                0x00000880       0xb8 ./gecko_sdk_3.1.1/platform/emlib/src/em_gpio.o
                0x00000880                GPIO_PinModeSet
 .text.SYSTEM_ChipRevisionGet
                0x00000938       0x44 ./gecko_sdk_3.1.1/platform/emlib/src/em_system.o
                0x00000938                SYSTEM_ChipRevisionGet
 .text.USART_BaudrateAsyncSet
                0x0000097c       0xd8 ./gecko_sdk_3.1.1/platform/emlib/src/em_usart.o
                0x0000097c                USART_BaudrateAsyncSet
 .text.USART_BaudrateSyncSet
                0x00000a54       0x44 ./gecko_sdk_3.1.1/platform/emlib/src/em_usart.o
                0x00000a54                USART_BaudrateSyncSet
 .text.USART_Enable
                0x00000a98       0x3c ./gecko_sdk_3.1.1/platform/emlib/src/em_usart.o
                0x00000a98                USART_Enable
 .text.USART_Reset
                0x00000ad4       0x74 ./gecko_sdk_3.1.1/platform/emlib/src/em_usart.o
                0x00000ad4                USART_Reset
 .text.USART_InitAsync
                0x00000b48       0x9c ./gecko_sdk_3.1.1/platform/emlib/src/em_usart.o
                0x00000b48                USART_InitAsync
 .text.USART_InitSync
                0x00000be4       0xac ./gecko_sdk_3.1.1/platform/emlib/src/em_usart.o
                0x00000be4                USART_InitSync
 .text.USART_SpiTransfer
                0x00000c90       0x14 ./gecko_sdk_3.1.1/platform/emlib/src/em_usart.o
                0x00000c90                USART_SpiTransfer
 .text.USART_Tx
                0x00000ca4        0xa ./gecko_sdk_3.1.1/platform/emlib/src/em_usart.o
                0x00000ca4                USART_Tx
 *fill*         0x00000cae        0x2 
 .text.GPIO_PinOutClear
                0x00000cb0       0x38 ./main.o
 .text.GPIO_PinOutSet
                0x00000ce8       0x38 ./main.o
 .text.PrintOutChr
                0x00000d20       0x34 ./main.o
                0x00000d20                PrintOutChr
 .text.stori_wakeup
                0x00000d54       0x7c ./main.o
                0x00000d54                stori_wakeup
 .text.read_reg_STORI
                0x00000dd0       0x3c ./main.o
                0x00000dd0                read_reg_STORI
 .text.read_stori_value
                0x00000e0c       0x3a ./main.o
                0x00000e0c                read_stori_value
 .text.GPIO_Init
                0x00000e46       0x3a ./main.o
                0x00000e46                GPIO_Init
 .text.Usart_Init
                0x00000e80       0x78 ./main.o
                0x00000e80                Usart_Init
 .text.SPI_Init
                0x00000ef8       0xb4 ./main.o
                0x00000ef8                SPI_Init
 .text.Init_ALL
                0x00000fac       0x98 ./main.o
                0x00000fac                Init_ALL
 .text.startup.main
                0x00001044       0x64 ./main.o
                0x00001044                main
 .text.my_delay_short
                0x000010a8       0x18 ./my_func.o
                0x000010a8                my_delay_short
 .text.exit     0x000010c0       0x28 c:/siliconlabs/simplicitystudio/v5/developer/toolchains/gnu_arm/7.2_2017q4/bin/../lib/gcc/arm-none-eabi/7.2.1/../../../../arm-none-eabi/lib/thumb/v7e-m/fpv4-sp/softfp\libc_nano.a(lib_a-exit.o)
                0x000010c0                exit
 .text.__libc_init_array
                0x000010e8       0x48 c:/siliconlabs/simplicitystudio/v5/developer/toolchains/gnu_arm/7.2_2017q4/bin/../lib/gcc/arm-none-eabi/7.2.1/../../../../arm-none-eabi/lib/thumb/v7e-m/fpv4-sp/softfp\libc_nano.a(lib_a-init.o)
                0x000010e8                __libc_init_array
 .text.memcpy   0x00001130       0x16 c:/siliconlabs/simplicitystudio/v5/developer/toolchains/gnu_arm/7.2_2017q4/bin/../lib/gcc/arm-none-eabi/7.2.1/../../../../arm-none-eabi/lib/thumb/v7e-m/fpv4-sp/softfp\libc_nano.a(lib_a-memcpy-stub.o)
                0x00001130                memcpy
 .text.memset   0x00001146       0x10 c:/siliconlabs/simplicitystudio/v5/developer/toolchains/gnu_arm/7.2_2017q4/bin/../lib/gcc/arm-none-eabi/7.2.1/../../../../arm-none-eabi/lib/thumb/v7e-m/fpv4-sp/softfp\libc_nano.a(lib_a-memset.o)
                0x00001146                memset
 *fill*         0x00001156        0x2 
 .text.printf   0x00001158       0x30 c:/siliconlabs/simplicitystudio/v5/developer/toolchains/gnu_arm/7.2_2017q4/bin/../lib/gcc/arm-none-eabi/7.2.1/../../../../arm-none-eabi/lib/thumb/v7e-m/fpv4-sp/softfp\libc_nano.a(lib_a-printf.o)
                0x00001158                iprintf
                0x00001158                printf
 .text.sprintf  0x00001188       0x40 c:/siliconlabs/simplicitystudio/v5/developer/toolchains/gnu_arm/7.2_2017q4/bin/../lib/gcc/arm-none-eabi/7.2.1/../../../../arm-none-eabi/lib/thumb/v7e-m/fpv4-sp/softfp\libc_nano.a(lib_a-sprintf.o)
                0x00001188                siprintf
                0x00001188                sprintf
 .text.std      0x000011c8       0x48 c:/siliconlabs/simplicitystudio/v5/developer/toolchains/gnu_arm/7.2_2017q4/bin/../lib/gcc/arm-none-eabi/7.2.1/../../../../arm-none-eabi/lib/thumb/v7e-m/fpv4-sp/softfp\libc_nano.a(lib_a-findfp.o)
 .text._cleanup_r
                0x00001210        0xc c:/siliconlabs/simplicitystudio/v5/developer/toolchains/gnu_arm/7.2_2017q4/bin/../lib/gcc/arm-none-eabi/7.2.1/../../../../arm-none-eabi/lib/thumb/v7e-m/fpv4-sp/softfp\libc_nano.a(lib_a-findfp.o)
                0x00001210                _cleanup_r
 .text.__sfmoreglue
                0x0000121c       0x2c c:/siliconlabs/simplicitystudio/v5/developer/toolchains/gnu_arm/7.2_2017q4/bin/../lib/gcc/arm-none-eabi/7.2.1/../../../../arm-none-eabi/lib/thumb/v7e-m/fpv4-sp/softfp\libc_nano.a(lib_a-findfp.o)
                0x0000121c                __sfmoreglue
 .text.__sinit  0x00001248       0x60 c:/siliconlabs/simplicitystudio/v5/developer/toolchains/gnu_arm/7.2_2017q4/bin/../lib/gcc/arm-none-eabi/7.2.1/../../../../arm-none-eabi/lib/thumb/v7e-m/fpv4-sp/softfp\libc_nano.a(lib_a-findfp.o)
                0x00001248                __sinit
 .text.__sfp    0x000012a8       0x78 c:/siliconlabs/simplicitystudio/v5/developer/toolchains/gnu_arm/7.2_2017q4/bin/../lib/gcc/arm-none-eabi/7.2.1/../../../../arm-none-eabi/lib/thumb/v7e-m/fpv4-sp/softfp\libc_nano.a(lib_a-findfp.o)
                0x000012a8                __sfp
 .text._fwalk_reent
                0x00001320       0x3c c:/siliconlabs/simplicitystudio/v5/developer/toolchains/gnu_arm/7.2_2017q4/bin/../lib/gcc/arm-none-eabi/7.2.1/../../../../arm-none-eabi/lib/thumb/v7e-m/fpv4-sp/softfp\libc_nano.a(lib_a-fwalk.o)
                0x00001320                _fwalk_reent
 .text._malloc_r
                0x0000135c       0xb4 c:/siliconlabs/simplicitystudio/v5/developer/toolchains/gnu_arm/7.2_2017q4/bin/../lib/gcc/arm-none-eabi/7.2.1/../../../../arm-none-eabi/lib/thumb/v7e-m/fpv4-sp/softfp\libc_nano.a(lib_a-nano-mallocr.o)
                0x0000135c                _malloc_r
 .text.__ssputs_r
                0x00001410       0xb4 c:/siliconlabs/simplicitystudio/v5/developer/toolchains/gnu_arm/7.2_2017q4/bin/../lib/gcc/arm-none-eabi/7.2.1/../../../../arm-none-eabi/lib/thumb/v7e-m/fpv4-sp/softfp\libc_nano.a(lib_a-nano-svfprintf.o)
                0x00001410                __ssputs_r
 .text._svfprintf_r
                0x000014c4      0x1ec c:/siliconlabs/simplicitystudio/v5/developer/toolchains/gnu_arm/7.2_2017q4/bin/../lib/gcc/arm-none-eabi/7.2.1/../../../../arm-none-eabi/lib/thumb/v7e-m/fpv4-sp/softfp\libc_nano.a(lib_a-nano-svfprintf.o)
                0x000014c4                _svfiprintf_r
                0x000014c4                _svfprintf_r
 .text.__sfputc_r
                0x000016b0       0x2e c:/siliconlabs/simplicitystudio/v5/developer/toolchains/gnu_arm/7.2_2017q4/bin/../lib/gcc/arm-none-eabi/7.2.1/../../../../arm-none-eabi/lib/thumb/v7e-m/fpv4-sp/softfp\libc_nano.a(lib_a-nano-vfprintf.o)
 .text.__sfputs_r
                0x000016de       0x24 c:/siliconlabs/simplicitystudio/v5/developer/toolchains/gnu_arm/7.2_2017q4/bin/../lib/gcc/arm-none-eabi/7.2.1/../../../../arm-none-eabi/lib/thumb/v7e-m/fpv4-sp/softfp\libc_nano.a(lib_a-nano-vfprintf.o)
                0x000016de                __sfputs_r
 *fill*         0x00001702        0x2 
 .text._vfprintf_r
                0x00001704      0x228 c:/siliconlabs/simplicitystudio/v5/developer/toolchains/gnu_arm/7.2_2017q4/bin/../lib/gcc/arm-none-eabi/7.2.1/../../../../arm-none-eabi/lib/thumb/v7e-m/fpv4-sp/softfp\libc_nano.a(lib_a-nano-vfprintf.o)
                0x00001704                _vfprintf_r
                0x00001704                _vfiprintf_r
 .text._printf_common
                0x0000192c       0xea c:/siliconlabs/simplicitystudio/v5/developer/toolchains/gnu_arm/7.2_2017q4/bin/../lib/gcc/arm-none-eabi/7.2.1/../../../../arm-none-eabi/lib/thumb/v7e-m/fpv4-sp/softfp\libc_nano.a(lib_a-nano-vfprintf_i.o)
                0x0000192c                _printf_common
 *fill*         0x00001a16        0x2 
 .text._printf_i
                0x00001a18      0x224 c:/siliconlabs/simplicitystudio/v5/developer/toolchains/gnu_arm/7.2_2017q4/bin/../lib/gcc/arm-none-eabi/7.2.1/../../../../arm-none-eabi/lib/thumb/v7e-m/fpv4-sp/softfp\libc_nano.a(lib_a-nano-vfprintf_i.o)
                0x00001a18                _printf_i
 .text._sbrk_r  0x00001c3c       0x20 c:/siliconlabs/simplicitystudio/v5/developer/toolchains/gnu_arm/7.2_2017q4/bin/../lib/gcc/arm-none-eabi/7.2.1/../../../../arm-none-eabi/lib/thumb/v7e-m/fpv4-sp/softfp\libc_nano.a(lib_a-sbrkr.o)
                0x00001c3c                _sbrk_r
 .text.__sread  0x00001c5c       0x22 c:/siliconlabs/simplicitystudio/v5/developer/toolchains/gnu_arm/7.2_2017q4/bin/../lib/gcc/arm-none-eabi/7.2.1/../../../../arm-none-eabi/lib/thumb/v7e-m/fpv4-sp/softfp\libc_nano.a(lib_a-stdio.o)
                0x00001c5c                __sread
 .text.__swrite
                0x00001c7e       0x38 c:/siliconlabs/simplicitystudio/v5/developer/toolchains/gnu_arm/7.2_2017q4/bin/../lib/gcc/arm-none-eabi/7.2.1/../../../../arm-none-eabi/lib/thumb/v7e-m/fpv4-sp/softfp\libc_nano.a(lib_a-stdio.o)
                0x00001c7e                __swrite
 .text.__sseek  0x00001cb6       0x24 c:/siliconlabs/simplicitystudio/v5/developer/toolchains/gnu_arm/7.2_2017q4/bin/../lib/gcc/arm-none-eabi/7.2.1/../../../../arm-none-eabi/lib/thumb/v7e-m/fpv4-sp/softfp\libc_nano.a(lib_a-stdio.o)
                0x00001cb6                __sseek
 .text.__sclose
                0x00001cda        0x8 c:/siliconlabs/simplicitystudio/v5/developer/toolchains/gnu_arm/7.2_2017q4/bin/../lib/gcc/arm-none-eabi/7.2.1/../../../../arm-none-eabi/lib/thumb/v7e-m/fpv4-sp/softfp\libc_nano.a(lib_a-stdio.o)
                0x00001cda                __sclose
 *fill*         0x00001ce2        0x2 
 .text.__swbuf_r
                0x00001ce4       0xa4 c:/siliconlabs/simplicitystudio/v5/developer/toolchains/gnu_arm/7.2_2017q4/bin/../lib/gcc/arm-none-eabi/7.2.1/../../../../arm-none-eabi/lib/thumb/v7e-m/fpv4-sp/softfp\libc_nano.a(lib_a-wbuf.o)
                0x00001ce4                __swbuf_r
 .text._write_r
                0x00001d88       0x24 c:/siliconlabs/simplicitystudio/v5/developer/toolchains/gnu_arm/7.2_2017q4/bin/../lib/gcc/arm-none-eabi/7.2.1/../../../../arm-none-eabi/lib/thumb/v7e-m/fpv4-sp/softfp\libc_nano.a(lib_a-writer.o)
                0x00001d88                _write_r
 .text.__swsetup_r
                0x00001dac       0xdc c:/siliconlabs/simplicitystudio/v5/developer/toolchains/gnu_arm/7.2_2017q4/bin/../lib/gcc/arm-none-eabi/7.2.1/../../../../arm-none-eabi/lib/thumb/v7e-m/fpv4-sp/softfp\libc_nano.a(lib_a-wsetup.o)
                0x00001dac                __swsetup_r
 .text._close_r
                0x00001e88       0x20 c:/siliconlabs/simplicitystudio/v5/developer/toolchains/gnu_arm/7.2_2017q4/bin/../lib/gcc/arm-none-eabi/7.2.1/../../../../arm-none-eabi/lib/thumb/v7e-m/fpv4-sp/softfp\libc_nano.a(lib_a-closer.o)
                0x00001e88                _close_r
 .text.__sflush_r
                0x00001ea8      0x10c c:/siliconlabs/simplicitystudio/v5/developer/toolchains/gnu_arm/7.2_2017q4/bin/../lib/gcc/arm-none-eabi/7.2.1/../../../../arm-none-eabi/lib/thumb/v7e-m/fpv4-sp/softfp\libc_nano.a(lib_a-fflush.o)
                0x00001ea8                __sflush_r
 .text._fflush_r
                0x00001fb4       0x54 c:/siliconlabs/simplicitystudio/v5/developer/toolchains/gnu_arm/7.2_2017q4/bin/../lib/gcc/arm-none-eabi/7.2.1/../../../../arm-none-eabi/lib/thumb/v7e-m/fpv4-sp/softfp\libc_nano.a(lib_a-fflush.o)
                0x00001fb4                _fflush_r
 .text._lseek_r
                0x00002008       0x24 c:/siliconlabs/simplicitystudio/v5/developer/toolchains/gnu_arm/7.2_2017q4/bin/../lib/gcc/arm-none-eabi/7.2.1/../../../../arm-none-eabi/lib/thumb/v7e-m/fpv4-sp/softfp\libc_nano.a(lib_a-lseekr.o)
                0x00002008                _lseek_r
 .text.__swhatbuf_r
                0x0000202c       0x48 c:/siliconlabs/simplicitystudio/v5/developer/toolchains/gnu_arm/7.2_2017q4/bin/../lib/gcc/arm-none-eabi/7.2.1/../../../../arm-none-eabi/lib/thumb/v7e-m/fpv4-sp/softfp\libc_nano.a(lib_a-makebuf.o)
                0x0000202c                __swhatbuf_r
 .text.__smakebuf_r
                0x00002074       0x80 c:/siliconlabs/simplicitystudio/v5/developer/toolchains/gnu_arm/7.2_2017q4/bin/../lib/gcc/arm-none-eabi/7.2.1/../../../../arm-none-eabi/lib/thumb/v7e-m/fpv4-sp/softfp\libc_nano.a(lib_a-makebuf.o)
                0x00002074                __smakebuf_r
 *fill*         0x000020f4        0xc 
 .text          0x00002100       0xa0 c:/siliconlabs/simplicitystudio/v5/developer/toolchains/gnu_arm/7.2_2017q4/bin/../lib/gcc/arm-none-eabi/7.2.1/../../../../arm-none-eabi/lib/thumb/v7e-m/fpv4-sp/softfp\libc_nano.a(lib_a-memchr.o)
                0x00002100                memchr
 .text.memmove  0x000021a0       0x32 c:/siliconlabs/simplicitystudio/v5/developer/toolchains/gnu_arm/7.2_2017q4/bin/../lib/gcc/arm-none-eabi/7.2.1/../../../../arm-none-eabi/lib/thumb/v7e-m/fpv4-sp/softfp\libc_nano.a(lib_a-memmove.o)
                0x000021a0                memmove
 .text.__malloc_lock
                0x000021d2        0x2 c:/siliconlabs/simplicitystudio/v5/developer/toolchains/gnu_arm/7.2_2017q4/bin/../lib/gcc/arm-none-eabi/7.2.1/../../../../arm-none-eabi/lib/thumb/v7e-m/fpv4-sp/softfp\libc_nano.a(lib_a-mlock.o)
                0x000021d2                __malloc_lock
 .text.__malloc_unlock
                0x000021d4        0x2 c:/siliconlabs/simplicitystudio/v5/developer/toolchains/gnu_arm/7.2_2017q4/bin/../lib/gcc/arm-none-eabi/7.2.1/../../../../arm-none-eabi/lib/thumb/v7e-m/fpv4-sp/softfp\libc_nano.a(lib_a-mlock.o)
                0x000021d4                __malloc_unlock
 *fill*         0x000021d6        0x2 
 .text._free_r  0x000021d8       0x9c c:/siliconlabs/simplicitystudio/v5/developer/toolchains/gnu_arm/7.2_2017q4/bin/../lib/gcc/arm-none-eabi/7.2.1/../../../../arm-none-eabi/lib/thumb/v7e-m/fpv4-sp/softfp\libc_nano.a(lib_a-nano-freer.o)
                0x000021d8                _free_r
 .text._realloc_r
                0x00002274       0x4c c:/siliconlabs/simplicitystudio/v5/developer/toolchains/gnu_arm/7.2_2017q4/bin/../lib/gcc/arm-none-eabi/7.2.1/../../../../arm-none-eabi/lib/thumb/v7e-m/fpv4-sp/softfp\libc_nano.a(lib_a-nano-reallocr.o)
                0x00002274                _realloc_r
 .text._read_r  0x000022c0       0x24 c:/siliconlabs/simplicitystudio/v5/developer/toolchains/gnu_arm/7.2_2017q4/bin/../lib/gcc/arm-none-eabi/7.2.1/../../../../arm-none-eabi/lib/thumb/v7e-m/fpv4-sp/softfp\libc_nano.a(lib_a-readr.o)
                0x000022c0                _read_r
 .text._fstat_r
                0x000022e4       0x24 c:/siliconlabs/simplicitystudio/v5/developer/toolchains/gnu_arm/7.2_2017q4/bin/../lib/gcc/arm-none-eabi/7.2.1/../../../../arm-none-eabi/lib/thumb/v7e-m/fpv4-sp/softfp\libc_nano.a(lib_a-fstatr.o)
                0x000022e4                _fstat_r
 .text._isatty_r
                0x00002308       0x20 c:/siliconlabs/simplicitystudio/v5/developer/toolchains/gnu_arm/7.2_2017q4/bin/../lib/gcc/arm-none-eabi/7.2.1/../../../../arm-none-eabi/lib/thumb/v7e-m/fpv4-sp/softfp\libc_nano.a(lib_a-isattyr.o)
                0x00002308                _isatty_r
 .text._malloc_usable_size_r
                0x00002328       0x10 c:/siliconlabs/simplicitystudio/v5/developer/toolchains/gnu_arm/7.2_2017q4/bin/../lib/gcc/arm-none-eabi/7.2.1/../../../../arm-none-eabi/lib/thumb/v7e-m/fpv4-sp/softfp\libc_nano.a(lib_a-nano-msizer.o)
                0x00002328                _malloc_usable_size_r
 .text._close   0x00002338       0x10 c:/siliconlabs/simplicitystudio/v5/developer/toolchains/gnu_arm/7.2_2017q4/bin/../lib/gcc/arm-none-eabi/7.2.1/../../../../arm-none-eabi/lib/thumb/v7e-m/fpv4-sp/softfp\libnosys.a(close.o)
                0x00002338                _close
 .text._fstat   0x00002348       0x10 c:/siliconlabs/simplicitystudio/v5/developer/toolchains/gnu_arm/7.2_2017q4/bin/../lib/gcc/arm-none-eabi/7.2.1/../../../../arm-none-eabi/lib/thumb/v7e-m/fpv4-sp/softfp\libnosys.a(fstat.o)
                0x00002348                _fstat
 .text._isatty  0x00002358       0x10 c:/siliconlabs/simplicitystudio/v5/developer/toolchains/gnu_arm/7.2_2017q4/bin/../lib/gcc/arm-none-eabi/7.2.1/../../../../arm-none-eabi/lib/thumb/v7e-m/fpv4-sp/softfp\libnosys.a(isatty.o)
                0x00002358                _isatty
 .text._lseek   0x00002368       0x10 c:/siliconlabs/simplicitystudio/v5/developer/toolchains/gnu_arm/7.2_2017q4/bin/../lib/gcc/arm-none-eabi/7.2.1/../../../../arm-none-eabi/lib/thumb/v7e-m/fpv4-sp/softfp\libnosys.a(lseek.o)
                0x00002368                _lseek
 .text._read    0x00002378       0x10 c:/siliconlabs/simplicitystudio/v5/developer/toolchains/gnu_arm/7.2_2017q4/bin/../lib/gcc/arm-none-eabi/7.2.1/../../../../arm-none-eabi/lib/thumb/v7e-m/fpv4-sp/softfp\libnosys.a(read.o)
                0x00002378                _read
 .text._write   0x00002388       0x10 c:/siliconlabs/simplicitystudio/v5/developer/toolchains/gnu_arm/7.2_2017q4/bin/../lib/gcc/arm-none-eabi/7.2.1/../../../../arm-none-eabi/lib/thumb/v7e-m/fpv4-sp/softfp\libnosys.a(write.o)
                0x00002388                _write
 .text._exit    0x00002398        0x4 c:/siliconlabs/simplicitystudio/v5/developer/toolchains/gnu_arm/7.2_2017q4/bin/../lib/gcc/arm-none-eabi/7.2.1/../../../../arm-none-eabi/lib/thumb/v7e-m/fpv4-sp/softfp\libnosys.a(_exit.o)
                0x00002398                _exit
                0x0000239c                linker_code_end = .
 *(.init)
 .init          0x0000239c        0x4 c:/siliconlabs/simplicitystudio/v5/developer/toolchains/gnu_arm/7.2_2017q4/bin/../lib/gcc/arm-none-eabi/7.2.1/thumb/v7e-m/fpv4-sp/softfp/crti.o
                0x0000239c                _init
 .init          0x000023a0        0x8 c:/siliconlabs/simplicitystudio/v5/developer/toolchains/gnu_arm/7.2_2017q4/bin/../lib/gcc/arm-none-eabi/7.2.1/thumb/v7e-m/fpv4-sp/softfp/crtn.o
 *(.fini)
 .fini          0x000023a8        0x4 c:/siliconlabs/simplicitystudio/v5/developer/toolchains/gnu_arm/7.2_2017q4/bin/../lib/gcc/arm-none-eabi/7.2.1/thumb/v7e-m/fpv4-sp/softfp/crti.o
                0x000023a8                _fini
 .fini          0x000023ac        0x8 c:/siliconlabs/simplicitystudio/v5/developer/toolchains/gnu_arm/7.2_2017q4/bin/../lib/gcc/arm-none-eabi/7.2.1/thumb/v7e-m/fpv4-sp/softfp/crtn.o
 *crtbegin.o(.ctors)
 *crtbegin?.o(.ctors)
 *(EXCLUDE_FILE(*crtend.o *crtend?.o) .ctors)
 *(SORT_BY_NAME(.ctors.*))
 *(.ctors)
 *crtbegin.o(.dtors)
 *crtbegin?.o(.dtors)
 *(EXCLUDE_FILE(*crtend.o *crtend?.o) .dtors)
 *(SORT_BY_NAME(.dtors.*))
 *(.dtors)
 *(.rodata*)
 .rodata.SL_Log2ToDiv.str1.1
                0x000023b4       0x61 ./gecko_sdk_3.1.1/platform/emlib/src/em_cmu.o
 .rodata.flashWaitStateControl.str1.1
                0x00002415       0x2f ./gecko_sdk_3.1.1/platform/emlib/src/em_cmu.o
 .rodata.GPIO_DbgLocationSet.str1.1
                0x00002444       0x30 ./gecko_sdk_3.1.1/platform/emlib/src/em_gpio.o
 .rodata.GPIO_PinOutSet.str1.1
                0x00002474       0x5f ./gecko_sdk_3.1.1/platform/emlib/src/em_gpio.o
 .rodata.SYSTEM_ChipRevisionGet.str1.1
                0x000024d3       0x32 ./gecko_sdk_3.1.1/platform/emlib/src/em_system.o
 .rodata.USART_BaudrateAsyncSet.str1.1
                0x00002505       0x31 ./gecko_sdk_3.1.1/platform/emlib/src/em_usart.o
 *fill*         0x00002536        0x2 
 .rodata        0x00002538       0x34 ./main.o
 .rodata.GPIO_PinOutClear.str1.1
                0x0000256c       0x5f ./main.o
 .rodata.Init_ALL.str1.1
                0x0000256c        0xc ./main.o
 .rodata.PrintOutChr.str1.1
                0x00002578        0x5 ./main.o
 .rodata.main.str1.1
                0x0000257d       0x14 ./main.o
 .rodata.stori_wakeup.str1.1
                0x00002591        0xe ./main.o
 .rodata.my_delay.str1.1
                0x0000259f        0x2 ./my_func.o
 *fill*         0x000025a1        0x3 
 .rodata._global_impure_ptr
                0x000025a4        0x4 c:/siliconlabs/simplicitystudio/v5/developer/toolchains/gnu_arm/7.2_2017q4/bin/../lib/gcc/arm-none-eabi/7.2.1/../../../../arm-none-eabi/lib/thumb/v7e-m/fpv4-sp/softfp\libc_nano.a(lib_a-impure.o)
                0x000025a4                _global_impure_ptr
 .rodata.__sf_fake_stderr
                0x000025a8       0x20 c:/siliconlabs/simplicitystudio/v5/developer/toolchains/gnu_arm/7.2_2017q4/bin/../lib/gcc/arm-none-eabi/7.2.1/../../../../arm-none-eabi/lib/thumb/v7e-m/fpv4-sp/softfp\libc_nano.a(lib_a-findfp.o)
                0x000025a8                __sf_fake_stderr
 .rodata.__sf_fake_stdin
                0x000025c8       0x20 c:/siliconlabs/simplicitystudio/v5/developer/toolchains/gnu_arm/7.2_2017q4/bin/../lib/gcc/arm-none-eabi/7.2.1/../../../../arm-none-eabi/lib/thumb/v7e-m/fpv4-sp/softfp\libc_nano.a(lib_a-findfp.o)
                0x000025c8                __sf_fake_stdin
 .rodata.__sf_fake_stdout
                0x000025e8       0x20 c:/siliconlabs/simplicitystudio/v5/developer/toolchains/gnu_arm/7.2_2017q4/bin/../lib/gcc/arm-none-eabi/7.2.1/../../../../arm-none-eabi/lib/thumb/v7e-m/fpv4-sp/softfp\libc_nano.a(lib_a-findfp.o)
                0x000025e8                __sf_fake_stdout
 .rodata._svfprintf_r.str1.1
                0x00002608       0x11 c:/siliconlabs/simplicitystudio/v5/developer/toolchains/gnu_arm/7.2_2017q4/bin/../lib/gcc/arm-none-eabi/7.2.1/../../../../arm-none-eabi/lib/thumb/v7e-m/fpv4-sp/softfp\libc_nano.a(lib_a-nano-svfprintf.o)
 .rodata._vfprintf_r.str1.1
                0x00002619       0x11 c:/siliconlabs/simplicitystudio/v5/developer/toolchains/gnu_arm/7.2_2017q4/bin/../lib/gcc/arm-none-eabi/7.2.1/../../../../arm-none-eabi/lib/thumb/v7e-m/fpv4-sp/softfp\libc_nano.a(lib_a-nano-vfprintf.o)
 .rodata._printf_i.str1.1
                0x00002619       0x22 c:/siliconlabs/simplicitystudio/v5/developer/toolchains/gnu_arm/7.2_2017q4/bin/../lib/gcc/arm-none-eabi/7.2.1/../../../../arm-none-eabi/lib/thumb/v7e-m/fpv4-sp/softfp\libc_nano.a(lib_a-nano-vfprintf_i.o)
 *(.eh_frame*)
 *fill*         0x0000263b        0x1 
 .eh_frame      0x0000263c        0x0 c:/siliconlabs/simplicitystudio/v5/developer/toolchains/gnu_arm/7.2_2017q4/bin/../lib/gcc/arm-none-eabi/7.2.1/thumb/v7e-m/fpv4-sp/softfp/crtbegin.o

.glue_7         0x0000263c        0x0
 .glue_7        0x0000263c        0x0 linker stubs

.glue_7t        0x0000263c        0x0
 .glue_7t       0x0000263c        0x0 linker stubs

.vfp11_veneer   0x0000263c        0x0
 .vfp11_veneer  0x0000263c        0x0 linker stubs

.v4_bx          0x0000263c        0x0
 .v4_bx         0x0000263c        0x0 linker stubs

.iplt           0x0000263c        0x0
 .iplt          0x0000263c        0x0 c:/siliconlabs/simplicitystudio/v5/developer/toolchains/gnu_arm/7.2_2017q4/bin/../lib/gcc/arm-none-eabi/7.2.1/thumb/v7e-m/fpv4-sp/softfp/crtbegin.o

.ARM.extab
 *(.ARM.extab* .gnu.linkonce.armextab.*)
                0x0000263c                __exidx_start = .

.ARM.exidx      0x0000263c        0x8
 *(.ARM.exidx* .gnu.linkonce.armexidx.*)
 .ARM.exidx     0x0000263c        0x8 c:/siliconlabs/simplicitystudio/v5/developer/toolchains/gnu_arm/7.2_2017q4/bin/../lib/gcc/arm-none-eabi/7.2.1/../../../../arm-none-eabi/lib/thumb/v7e-m/fpv4-sp/softfp/crt0.o
                0x00002644                __exidx_end = .
                0x00002644                __etext = .

.rel.dyn        0x00002644        0x0
 .rel.iplt      0x00002644        0x0 c:/siliconlabs/simplicitystudio/v5/developer/toolchains/gnu_arm/7.2_2017q4/bin/../lib/gcc/arm-none-eabi/7.2.1/thumb/v7e-m/fpv4-sp/softfp/crtbegin.o
                0x20000000                . = ORIGIN (RAM)

.stack          0x20000000     0x1000
                0x20000000                __StackLimit = .
 *(.stack*)
 .stack         0x20000000        0x0 ./gecko_sdk_3.1.1/platform/Device/SiliconLabs/BGM13/Source/GCC/startup_bgm13.o
 .stack         0x20000000     0x1000 ./gecko_sdk_3.1.1/platform/common/toolchain/src/sl_memory.o
                0x20001000                . = ALIGN (0x4)
                0x20001000                __StackTop = .
                0x20001000                PROVIDE (__stack, __StackTop)

.noinit
 *(.noinit*)

.data           0x20001000       0x80 load address 0x00002644
                0x20001000                . = ALIGN (0x4)
                0x20001000                __data_start__ = .
 *(vtable)
 *(.data*)
 .data.SystemHFXOClock
                0x20001000        0x4 ./gecko_sdk_3.1.1/platform/Device/SiliconLabs/BGM13/Source/system_bgm13.o
 .data.SystemHfrcoFreq
                0x20001004        0x4 ./gecko_sdk_3.1.1/platform/Device/SiliconLabs/BGM13/Source/system_bgm13.o
                0x20001004                SystemHfrcoFreq
 .data.SystemLFXOClock
                0x20001008        0x4 ./gecko_sdk_3.1.1/platform/Device/SiliconLabs/BGM13/Source/system_bgm13.o
 .data.heap_end.4967
                0x2000100c        0x4 ./gecko_sdk_3.1.1/platform/common/toolchain/src/sl_memory.o
 .data.auxHfrcoFreq
                0x20001010        0x4 ./gecko_sdk_3.1.1/platform/emlib/src/em_cmu.o
 .data._impure_ptr
                0x20001014        0x4 c:/siliconlabs/simplicitystudio/v5/developer/toolchains/gnu_arm/7.2_2017q4/bin/../lib/gcc/arm-none-eabi/7.2.1/../../../../arm-none-eabi/lib/thumb/v7e-m/fpv4-sp/softfp\libc_nano.a(lib_a-impure.o)
                0x20001014                _impure_ptr
 .data.impure_data
                0x20001018       0x60 c:/siliconlabs/simplicitystudio/v5/developer/toolchains/gnu_arm/7.2_2017q4/bin/../lib/gcc/arm-none-eabi/7.2.1/../../../../arm-none-eabi/lib/thumb/v7e-m/fpv4-sp/softfp\libc_nano.a(lib_a-impure.o)
                0x20001078                . = ALIGN (0x4)
                [!provide]                PROVIDE (__ram_func_section_start, .)
 *(.ram)
                [!provide]                PROVIDE (__ram_func_section_end, .)
                0x20001078                . = ALIGN (0x4)
                0x20001078                PROVIDE (__preinit_array_start, .)
 *(.preinit_array)
                0x20001078                PROVIDE (__preinit_array_end, .)
                0x20001078                . = ALIGN (0x4)
                0x20001078                PROVIDE (__init_array_start, .)
 *(SORT_BY_NAME(.init_array.*))
 *(.init_array)
 .init_array    0x20001078        0x4 c:/siliconlabs/simplicitystudio/v5/developer/toolchains/gnu_arm/7.2_2017q4/bin/../lib/gcc/arm-none-eabi/7.2.1/thumb/v7e-m/fpv4-sp/softfp/crtbegin.o
                0x2000107c                PROVIDE (__init_array_end, .)
                0x2000107c                . = ALIGN (0x4)
                [!provide]                PROVIDE (__fini_array_start, .)
 *(SORT_BY_NAME(.fini_array.*))
 *(.fini_array)
 .fini_array    0x2000107c        0x4 c:/siliconlabs/simplicitystudio/v5/developer/toolchains/gnu_arm/7.2_2017q4/bin/../lib/gcc/arm-none-eabi/7.2.1/thumb/v7e-m/fpv4-sp/softfp/crtbegin.o
                [!provide]                PROVIDE (__fini_array_end, .)
                0x20001080                . = ALIGN (0x4)
                0x20001080                __data_end__ = .

.igot.plt       0x20001080        0x0 load address 0x000026c4
 .igot.plt      0x20001080        0x0 c:/siliconlabs/simplicitystudio/v5/developer/toolchains/gnu_arm/7.2_2017q4/bin/../lib/gcc/arm-none-eabi/7.2.1/thumb/v7e-m/fpv4-sp/softfp/crtbegin.o

.bss            0x20001080       0x2c load address 0x000026c4
                0x20001080                . = ALIGN (0x4)
                0x20001080                __bss_start__ = .
 *(.bss*)
 .bss           0x20001080       0x1c c:/siliconlabs/simplicitystudio/v5/developer/toolchains/gnu_arm/7.2_2017q4/bin/../lib/gcc/arm-none-eabi/7.2.1/thumb/v7e-m/fpv4-sp/softfp/crtbegin.o
 .bss.__malloc_free_list
                0x2000109c        0x4 c:/siliconlabs/simplicitystudio/v5/developer/toolchains/gnu_arm/7.2_2017q4/bin/../lib/gcc/arm-none-eabi/7.2.1/../../../../arm-none-eabi/lib/thumb/v7e-m/fpv4-sp/softfp\libc_nano.a(lib_a-nano-mallocr.o)
                0x2000109c                __malloc_free_list
 .bss.__malloc_sbrk_start
                0x200010a0        0x4 c:/siliconlabs/simplicitystudio/v5/developer/toolchains/gnu_arm/7.2_2017q4/bin/../lib/gcc/arm-none-eabi/7.2.1/../../../../arm-none-eabi/lib/thumb/v7e-m/fpv4-sp/softfp\libc_nano.a(lib_a-nano-mallocr.o)
                0x200010a0                __malloc_sbrk_start
 *(COMMON)
 COMMON         0x200010a4        0x1 ./main.o
                0x200010a4                InByte
 *fill*         0x200010a5        0x3 
 COMMON         0x200010a8        0x4 c:/siliconlabs/simplicitystudio/v5/developer/toolchains/gnu_arm/7.2_2017q4/bin/../lib/gcc/arm-none-eabi/7.2.1/../../../../arm-none-eabi/lib/thumb/v7e-m/fpv4-sp/softfp\libc_nano.a(lib_a-reent.o)
                0x200010a8                errno
                0x200010ac                . = ALIGN (0x4)
                0x200010ac                __bss_end__ = .

.heap           0x200010b0     0xef50
                0x200010b0                __HeapBase = .
                0x200010b0                __end__ = .
                0x200010b0                end = __end__
                0x200010b0                _end = __end__
 *(.heap*)
 .heap          0x200010b0      0x800 ./gecko_sdk_3.1.1/platform/common/toolchain/src/sl_memory.o
                0x20010000                . = (ORIGIN (RAM) + LENGTH (RAM))
 *fill*         0x200018b0     0xe750 
                0x20010000                __HeapLimit = .
                0x0000ef50                __heap_size = (__HeapLimit - __HeapBase)

.internal_storage
                0x00002644        0x0
 *(.internal_storage*)

.nvm            0x00002644        0x0
 *(.simee*)
                0x00080000                linker_nvm_end = (ORIGIN (FLASH) + LENGTH (FLASH))
                0x00080000                linker_nvm_begin = (linker_nvm_end - SIZEOF (.nvm))
                0x00000000                linker_nvm_size = SIZEOF (.nvm)
                0x00080000                linker_storage_end = linker_nvm_begin
                0x00080000                linker_storage_begin = (linker_storage_end - SIZEOF (.internal_storage))
                0x00000000                linker_storage_size = SIZEOF (.internal_storage)
                0x00080000                __nvm3Base = linker_nvm_begin
                0x00000001                ASSERT (((ORIGIN (FLASH) + LENGTH (FLASH)) >= (__etext + SIZEOF (.data))), FLASH memory overflowed !)
                0x00000001                ASSERT (((ORIGIN (RAM) + LENGTH (RAM)) >= (__HeapBase + SIZEOF (.heap))), RAM memory overflowed !)
OUTPUT(adal.axf elf32-littlearm)

.ARM.attributes
                0x00000000       0x2e
 .ARM.attributes
                0x00000000       0x22 c:/siliconlabs/simplicitystudio/v5/developer/toolchains/gnu_arm/7.2_2017q4/bin/../lib/gcc/arm-none-eabi/7.2.1/thumb/v7e-m/fpv4-sp/softfp/crti.o
 .ARM.attributes
                0x00000022       0x32 c:/siliconlabs/simplicitystudio/v5/developer/toolchains/gnu_arm/7.2_2017q4/bin/../lib/gcc/arm-none-eabi/7.2.1/thumb/v7e-m/fpv4-sp/softfp/crtbegin.o
 .ARM.attributes
                0x00000054       0x20 c:/siliconlabs/simplicitystudio/v5/developer/toolchains/gnu_arm/7.2_2017q4/bin/../lib/gcc/arm-none-eabi/7.2.1/../../../../arm-none-eabi/lib/thumb/v7e-m/fpv4-sp/softfp/crt0.o
 .ARM.attributes
                0x00000074       0x37 ./gecko_sdk_3.1.1/platform/Device/SiliconLabs/BGM13/Source/GCC/startup_bgm13.o
 .ARM.attributes
                0x000000ab       0x37 ./gecko_sdk_3.1.1/platform/Device/SiliconLabs/BGM13/Source/system_bgm13.o
 .ARM.attributes
                0x000000e2       0x37 ./gecko_sdk_3.1.1/platform/common/toolchain/src/sl_memory.o
 .ARM.attributes
                0x00000119       0x37 ./gecko_sdk_3.1.1/platform/emlib/src/em_assert.o
 .ARM.attributes
                0x00000150       0x37 ./gecko_sdk_3.1.1/platform/emlib/src/em_cmu.o
 .ARM.attributes
                0x00000187       0x37 ./gecko_sdk_3.1.1/platform/emlib/src/em_gpio.o
 .ARM.attributes
                0x000001be       0x37 ./gecko_sdk_3.1.1/platform/emlib/src/em_system.o
 .ARM.attributes
                0x000001f5       0x37 ./gecko_sdk_3.1.1/platform/emlib/src/em_usart.o
 .ARM.attributes
                0x0000022c       0x37 ./main.o
 .ARM.attributes
                0x00000263       0x37 ./my_func.o
 .ARM.attributes
                0x0000029a       0x32 c:/siliconlabs/simplicitystudio/v5/developer/toolchains/gnu_arm/7.2_2017q4/bin/../lib/gcc/arm-none-eabi/7.2.1/../../../../arm-none-eabi/lib/thumb/v7e-m/fpv4-sp/softfp\libc_nano.a(lib_a-exit.o)
 .ARM.attributes
                0x000002cc       0x32 c:/siliconlabs/simplicitystudio/v5/developer/toolchains/gnu_arm/7.2_2017q4/bin/../lib/gcc/arm-none-eabi/7.2.1/../../../../arm-none-eabi/lib/thumb/v7e-m/fpv4-sp/softfp\libc_nano.a(lib_a-impure.o)
 .ARM.attributes
                0x000002fe       0x32 c:/siliconlabs/simplicitystudio/v5/developer/toolchains/gnu_arm/7.2_2017q4/bin/../lib/gcc/arm-none-eabi/7.2.1/../../../../arm-none-eabi/lib/thumb/v7e-m/fpv4-sp/softfp\libc_nano.a(lib_a-init.o)
 .ARM.attributes
                0x00000330       0x32 c:/siliconlabs/simplicitystudio/v5/developer/toolchains/gnu_arm/7.2_2017q4/bin/../lib/gcc/arm-none-eabi/7.2.1/../../../../arm-none-eabi/lib/thumb/v7e-m/fpv4-sp/softfp\libc_nano.a(lib_a-memcpy-stub.o)
 .ARM.attributes
                0x00000362       0x32 c:/siliconlabs/simplicitystudio/v5/developer/toolchains/gnu_arm/7.2_2017q4/bin/../lib/gcc/arm-none-eabi/7.2.1/../../../../arm-none-eabi/lib/thumb/v7e-m/fpv4-sp/softfp\libc_nano.a(lib_a-memset.o)
 .ARM.attributes
                0x00000394       0x32 c:/siliconlabs/simplicitystudio/v5/developer/toolchains/gnu_arm/7.2_2017q4/bin/../lib/gcc/arm-none-eabi/7.2.1/../../../../arm-none-eabi/lib/thumb/v7e-m/fpv4-sp/softfp\libc_nano.a(lib_a-printf.o)
 .ARM.attributes
                0x000003c6       0x32 c:/siliconlabs/simplicitystudio/v5/developer/toolchains/gnu_arm/7.2_2017q4/bin/../lib/gcc/arm-none-eabi/7.2.1/../../../../arm-none-eabi/lib/thumb/v7e-m/fpv4-sp/softfp\libc_nano.a(lib_a-sprintf.o)
 .ARM.attributes
                0x000003f8       0x32 c:/siliconlabs/simplicitystudio/v5/developer/toolchains/gnu_arm/7.2_2017q4/bin/../lib/gcc/arm-none-eabi/7.2.1/../../../../arm-none-eabi/lib/thumb/v7e-m/fpv4-sp/softfp\libc_nano.a(lib_a-findfp.o)
 .ARM.attributes
                0x0000042a       0x32 c:/siliconlabs/simplicitystudio/v5/developer/toolchains/gnu_arm/7.2_2017q4/bin/../lib/gcc/arm-none-eabi/7.2.1/../../../../arm-none-eabi/lib/thumb/v7e-m/fpv4-sp/softfp\libc_nano.a(lib_a-fwalk.o)
 .ARM.attributes
                0x0000045c       0x32 c:/siliconlabs/simplicitystudio/v5/developer/toolchains/gnu_arm/7.2_2017q4/bin/../lib/gcc/arm-none-eabi/7.2.1/../../../../arm-none-eabi/lib/thumb/v7e-m/fpv4-sp/softfp\libc_nano.a(lib_a-nano-mallocr.o)
 .ARM.attributes
                0x0000048e       0x32 c:/siliconlabs/simplicitystudio/v5/developer/toolchains/gnu_arm/7.2_2017q4/bin/../lib/gcc/arm-none-eabi/7.2.1/../../../../arm-none-eabi/lib/thumb/v7e-m/fpv4-sp/softfp\libc_nano.a(lib_a-nano-svfprintf.o)
 .ARM.attributes
                0x000004c0       0x32 c:/siliconlabs/simplicitystudio/v5/developer/toolchains/gnu_arm/7.2_2017q4/bin/../lib/gcc/arm-none-eabi/7.2.1/../../../../arm-none-eabi/lib/thumb/v7e-m/fpv4-sp/softfp\libc_nano.a(lib_a-nano-vfprintf.o)
 .ARM.attributes
                0x000004f2       0x32 c:/siliconlabs/simplicitystudio/v5/developer/toolchains/gnu_arm/7.2_2017q4/bin/../lib/gcc/arm-none-eabi/7.2.1/../../../../arm-none-eabi/lib/thumb/v7e-m/fpv4-sp/softfp\libc_nano.a(lib_a-nano-vfprintf_i.o)
 .ARM.attributes
                0x00000524       0x32 c:/siliconlabs/simplicitystudio/v5/developer/toolchains/gnu_arm/7.2_2017q4/bin/../lib/gcc/arm-none-eabi/7.2.1/../../../../arm-none-eabi/lib/thumb/v7e-m/fpv4-sp/softfp\libc_nano.a(lib_a-sbrkr.o)
 .ARM.attributes
                0x00000556       0x32 c:/siliconlabs/simplicitystudio/v5/developer/toolchains/gnu_arm/7.2_2017q4/bin/../lib/gcc/arm-none-eabi/7.2.1/../../../../arm-none-eabi/lib/thumb/v7e-m/fpv4-sp/softfp\libc_nano.a(lib_a-stdio.o)
 .ARM.attributes
                0x00000588       0x32 c:/siliconlabs/simplicitystudio/v5/developer/toolchains/gnu_arm/7.2_2017q4/bin/../lib/gcc/arm-none-eabi/7.2.1/../../../../arm-none-eabi/lib/thumb/v7e-m/fpv4-sp/softfp\libc_nano.a(lib_a-wbuf.o)
 .ARM.attributes
                0x000005ba       0x32 c:/siliconlabs/simplicitystudio/v5/developer/toolchains/gnu_arm/7.2_2017q4/bin/../lib/gcc/arm-none-eabi/7.2.1/../../../../arm-none-eabi/lib/thumb/v7e-m/fpv4-sp/softfp\libc_nano.a(lib_a-writer.o)
 .ARM.attributes
                0x000005ec       0x32 c:/siliconlabs/simplicitystudio/v5/developer/toolchains/gnu_arm/7.2_2017q4/bin/../lib/gcc/arm-none-eabi/7.2.1/../../../../arm-none-eabi/lib/thumb/v7e-m/fpv4-sp/softfp\libc_nano.a(lib_a-wsetup.o)
 .ARM.attributes
                0x0000061e       0x32 c:/siliconlabs/simplicitystudio/v5/developer/toolchains/gnu_arm/7.2_2017q4/bin/../lib/gcc/arm-none-eabi/7.2.1/../../../../arm-none-eabi/lib/thumb/v7e-m/fpv4-sp/softfp\libc_nano.a(lib_a-closer.o)
 .ARM.attributes
                0x00000650       0x32 c:/siliconlabs/simplicitystudio/v5/developer/toolchains/gnu_arm/7.2_2017q4/bin/../lib/gcc/arm-none-eabi/7.2.1/../../../../arm-none-eabi/lib/thumb/v7e-m/fpv4-sp/softfp\libc_nano.a(lib_a-fflush.o)
 .ARM.attributes
                0x00000682       0x32 c:/siliconlabs/simplicitystudio/v5/developer/toolchains/gnu_arm/7.2_2017q4/bin/../lib/gcc/arm-none-eabi/7.2.1/../../../../arm-none-eabi/lib/thumb/v7e-m/fpv4-sp/softfp\libc_nano.a(lib_a-lseekr.o)
 .ARM.attributes
                0x000006b4       0x32 c:/siliconlabs/simplicitystudio/v5/developer/toolchains/gnu_arm/7.2_2017q4/bin/../lib/gcc/arm-none-eabi/7.2.1/../../../../arm-none-eabi/lib/thumb/v7e-m/fpv4-sp/softfp\libc_nano.a(lib_a-makebuf.o)
 .ARM.attributes
                0x000006e6       0x20 c:/siliconlabs/simplicitystudio/v5/developer/toolchains/gnu_arm/7.2_2017q4/bin/../lib/gcc/arm-none-eabi/7.2.1/../../../../arm-none-eabi/lib/thumb/v7e-m/fpv4-sp/softfp\libc_nano.a(lib_a-memchr.o)
 .ARM.attributes
                0x00000706       0x32 c:/siliconlabs/simplicitystudio/v5/developer/toolchains/gnu_arm/7.2_2017q4/bin/../lib/gcc/arm-none-eabi/7.2.1/../../../../arm-none-eabi/lib/thumb/v7e-m/fpv4-sp/softfp\libc_nano.a(lib_a-memmove.o)
 .ARM.attributes
                0x00000738       0x32 c:/siliconlabs/simplicitystudio/v5/developer/toolchains/gnu_arm/7.2_2017q4/bin/../lib/gcc/arm-none-eabi/7.2.1/../../../../arm-none-eabi/lib/thumb/v7e-m/fpv4-sp/softfp\libc_nano.a(lib_a-mlock.o)
 .ARM.attributes
                0x0000076a       0x32 c:/siliconlabs/simplicitystudio/v5/developer/toolchains/gnu_arm/7.2_2017q4/bin/../lib/gcc/arm-none-eabi/7.2.1/../../../../arm-none-eabi/lib/thumb/v7e-m/fpv4-sp/softfp\libc_nano.a(lib_a-nano-freer.o)
 .ARM.attributes
                0x0000079c       0x32 c:/siliconlabs/simplicitystudio/v5/developer/toolchains/gnu_arm/7.2_2017q4/bin/../lib/gcc/arm-none-eabi/7.2.1/../../../../arm-none-eabi/lib/thumb/v7e-m/fpv4-sp/softfp\libc_nano.a(lib_a-nano-reallocr.o)
 .ARM.attributes
                0x000007ce       0x32 c:/siliconlabs/simplicitystudio/v5/developer/toolchains/gnu_arm/7.2_2017q4/bin/../lib/gcc/arm-none-eabi/7.2.1/../../../../arm-none-eabi/lib/thumb/v7e-m/fpv4-sp/softfp\libc_nano.a(lib_a-readr.o)
 .ARM.attributes
                0x00000800       0x32 c:/siliconlabs/simplicitystudio/v5/developer/toolchains/gnu_arm/7.2_2017q4/bin/../lib/gcc/arm-none-eabi/7.2.1/../../../../arm-none-eabi/lib/thumb/v7e-m/fpv4-sp/softfp\libc_nano.a(lib_a-reent.o)
 .ARM.attributes
                0x00000832       0x32 c:/siliconlabs/simplicitystudio/v5/developer/toolchains/gnu_arm/7.2_2017q4/bin/../lib/gcc/arm-none-eabi/7.2.1/../../../../arm-none-eabi/lib/thumb/v7e-m/fpv4-sp/softfp\libc_nano.a(lib_a-fstatr.o)
 .ARM.attributes
                0x00000864       0x32 c:/siliconlabs/simplicitystudio/v5/developer/toolchains/gnu_arm/7.2_2017q4/bin/../lib/gcc/arm-none-eabi/7.2.1/../../../../arm-none-eabi/lib/thumb/v7e-m/fpv4-sp/softfp\libc_nano.a(lib_a-isattyr.o)
 .ARM.attributes
                0x00000896       0x32 c:/siliconlabs/simplicitystudio/v5/developer/toolchains/gnu_arm/7.2_2017q4/bin/../lib/gcc/arm-none-eabi/7.2.1/../../../../arm-none-eabi/lib/thumb/v7e-m/fpv4-sp/softfp\libc_nano.a(lib_a-nano-msizer.o)
 .ARM.attributes
                0x000008c8       0x32 c:/siliconlabs/simplicitystudio/v5/developer/toolchains/gnu_arm/7.2_2017q4/bin/../lib/gcc/arm-none-eabi/7.2.1/../../../../arm-none-eabi/lib/thumb/v7e-m/fpv4-sp/softfp\libnosys.a(close.o)
 .ARM.attributes
                0x000008fa       0x32 c:/siliconlabs/simplicitystudio/v5/developer/toolchains/gnu_arm/7.2_2017q4/bin/../lib/gcc/arm-none-eabi/7.2.1/../../../../arm-none-eabi/lib/thumb/v7e-m/fpv4-sp/softfp\libnosys.a(fstat.o)
 .ARM.attributes
                0x0000092c       0x32 c:/siliconlabs/simplicitystudio/v5/developer/toolchains/gnu_arm/7.2_2017q4/bin/../lib/gcc/arm-none-eabi/7.2.1/../../../../arm-none-eabi/lib/thumb/v7e-m/fpv4-sp/softfp\libnosys.a(isatty.o)
 .ARM.attributes
                0x0000095e       0x32 c:/siliconlabs/simplicitystudio/v5/developer/toolchains/gnu_arm/7.2_2017q4/bin/../lib/gcc/arm-none-eabi/7.2.1/../../../../arm-none-eabi/lib/thumb/v7e-m/fpv4-sp/softfp\libnosys.a(lseek.o)
 .ARM.attributes
                0x00000990       0x32 c:/siliconlabs/simplicitystudio/v5/developer/toolchains/gnu_arm/7.2_2017q4/bin/../lib/gcc/arm-none-eabi/7.2.1/../../../../arm-none-eabi/lib/thumb/v7e-m/fpv4-sp/softfp\libnosys.a(read.o)
 .ARM.attributes
                0x000009c2       0x32 c:/siliconlabs/simplicitystudio/v5/developer/toolchains/gnu_arm/7.2_2017q4/bin/../lib/gcc/arm-none-eabi/7.2.1/../../../../arm-none-eabi/lib/thumb/v7e-m/fpv4-sp/softfp\libnosys.a(write.o)
 .ARM.attributes
                0x000009f4       0x32 c:/siliconlabs/simplicitystudio/v5/developer/toolchains/gnu_arm/7.2_2017q4/bin/../lib/gcc/arm-none-eabi/7.2.1/../../../../arm-none-eabi/lib/thumb/v7e-m/fpv4-sp/softfp\libnosys.a(_exit.o)
 .ARM.attributes
                0x00000a26       0x22 c:/siliconlabs/simplicitystudio/v5/developer/toolchains/gnu_arm/7.2_2017q4/bin/../lib/gcc/arm-none-eabi/7.2.1/thumb/v7e-m/fpv4-sp/softfp/crtn.o

.comment        0x00000000       0x7e
 .comment       0x00000000       0x7e ./gecko_sdk_3.1.1/platform/Device/SiliconLabs/BGM13/Source/GCC/startup_bgm13.o
                                 0x7f (size before relaxing)
 .comment       0x0000007e       0x7f ./gecko_sdk_3.1.1/platform/Device/SiliconLabs/BGM13/Source/system_bgm13.o
 .comment       0x0000007e       0x7f ./gecko_sdk_3.1.1/platform/common/toolchain/src/sl_memory.o
 .comment       0x0000007e       0x7f ./gecko_sdk_3.1.1/platform/emlib/src/em_assert.o
 .comment       0x0000007e       0x7f ./gecko_sdk_3.1.1/platform/emlib/src/em_cmu.o
 .comment       0x0000007e       0x7f ./gecko_sdk_3.1.1/platform/emlib/src/em_gpio.o
 .comment       0x0000007e       0x7f ./gecko_sdk_3.1.1/platform/emlib/src/em_system.o
 .comment       0x0000007e       0x7f ./gecko_sdk_3.1.1/platform/emlib/src/em_usart.o
 .comment       0x0000007e       0x7f ./main.o
 .comment       0x0000007e       0x7f ./my_func.o

.debug_info     0x00000000     0x9394
 .debug_info    0x00000000      0x296 ./gecko_sdk_3.1.1/platform/Device/SiliconLabs/BGM13/Source/GCC/startup_bgm13.o
 .debug_info    0x00000296      0x9c0 ./gecko_sdk_3.1.1/platform/Device/SiliconLabs/BGM13/Source/system_bgm13.o
 .debug_info    0x00000c56      0x1e6 ./gecko_sdk_3.1.1/platform/common/toolchain/src/sl_memory.o
 .debug_info    0x00000e3c       0x7b ./gecko_sdk_3.1.1/platform/emlib/src/em_assert.o
 .debug_info    0x00000eb7     0x3ba0 ./gecko_sdk_3.1.1/platform/emlib/src/em_cmu.o
 .debug_info    0x00004a57      0xe1a ./gecko_sdk_3.1.1/platform/emlib/src/em_gpio.o
 .debug_info    0x00005871      0x375 ./gecko_sdk_3.1.1/platform/emlib/src/em_system.o
 .debug_info    0x00005be6     0x1390 ./gecko_sdk_3.1.1/platform/emlib/src/em_usart.o
 .debug_info    0x00006f76     0x1a1a ./main.o
 .debug_info    0x00008990      0xa04 ./my_func.o

.debug_abbrev   0x00000000     0x1853
 .debug_abbrev  0x00000000      0x149 ./gecko_sdk_3.1.1/platform/Device/SiliconLabs/BGM13/Source/GCC/startup_bgm13.o
 .debug_abbrev  0x00000149      0x224 ./gecko_sdk_3.1.1/platform/Device/SiliconLabs/BGM13/Source/system_bgm13.o
 .debug_abbrev  0x0000036d      0x107 ./gecko_sdk_3.1.1/platform/common/toolchain/src/sl_memory.o
 .debug_abbrev  0x00000474       0x68 ./gecko_sdk_3.1.1/platform/emlib/src/em_assert.o
 .debug_abbrev  0x000004dc      0x520 ./gecko_sdk_3.1.1/platform/emlib/src/em_cmu.o
 .debug_abbrev  0x000009fc      0x323 ./gecko_sdk_3.1.1/platform/emlib/src/em_gpio.o
 .debug_abbrev  0x00000d1f      0x1b4 ./gecko_sdk_3.1.1/platform/emlib/src/em_system.o
 .debug_abbrev  0x00000ed3      0x334 ./gecko_sdk_3.1.1/platform/emlib/src/em_usart.o
 .debug_abbrev  0x00001207      0x429 ./main.o
 .debug_abbrev  0x00001630      0x223 ./my_func.o

.debug_loc      0x00000000     0x47c8
 .debug_loc     0x00000000       0x69 ./gecko_sdk_3.1.1/platform/Device/SiliconLabs/BGM13/Source/GCC/startup_bgm13.o
 .debug_loc     0x00000069       0xb1 ./gecko_sdk_3.1.1/platform/Device/SiliconLabs/BGM13/Source/system_bgm13.o
 .debug_loc     0x0000011a       0x7a ./gecko_sdk_3.1.1/platform/common/toolchain/src/sl_memory.o
 .debug_loc     0x00000194     0x2b8f ./gecko_sdk_3.1.1/platform/emlib/src/em_cmu.o
 .debug_loc     0x00002d23      0x8e1 ./gecko_sdk_3.1.1/platform/emlib/src/em_gpio.o
 .debug_loc     0x00003604       0xd9 ./gecko_sdk_3.1.1/platform/emlib/src/em_system.o
 .debug_loc     0x000036dd      0x854 ./gecko_sdk_3.1.1/platform/emlib/src/em_usart.o
 .debug_loc     0x00003f31      0x6f3 ./main.o
 .debug_loc     0x00004624      0x1a4 ./my_func.o

.debug_aranges  0x00000000      0x460
 .debug_aranges
                0x00000000       0x28 ./gecko_sdk_3.1.1/platform/Device/SiliconLabs/BGM13/Source/GCC/startup_bgm13.o
 .debug_aranges
                0x00000028       0x68 ./gecko_sdk_3.1.1/platform/Device/SiliconLabs/BGM13/Source/system_bgm13.o
 .debug_aranges
                0x00000090       0x30 ./gecko_sdk_3.1.1/platform/common/toolchain/src/sl_memory.o
 .debug_aranges
                0x000000c0       0x20 ./gecko_sdk_3.1.1/platform/emlib/src/em_assert.o
 .debug_aranges
                0x000000e0      0x168 ./gecko_sdk_3.1.1/platform/emlib/src/em_cmu.o
 .debug_aranges
                0x00000248       0x60 ./gecko_sdk_3.1.1/platform/emlib/src/em_gpio.o
 .debug_aranges
                0x000002a8       0x30 ./gecko_sdk_3.1.1/platform/emlib/src/em_system.o
 .debug_aranges
                0x000002d8       0xb8 ./gecko_sdk_3.1.1/platform/emlib/src/em_usart.o
 .debug_aranges
                0x00000390       0x98 ./main.o
 .debug_aranges
                0x00000428       0x38 ./my_func.o

.debug_ranges   0x00000000      0x6a0
 .debug_ranges  0x00000000       0x18 ./gecko_sdk_3.1.1/platform/Device/SiliconLabs/BGM13/Source/GCC/startup_bgm13.o
 .debug_ranges  0x00000018       0x58 ./gecko_sdk_3.1.1/platform/Device/SiliconLabs/BGM13/Source/system_bgm13.o
 .debug_ranges  0x00000070       0x20 ./gecko_sdk_3.1.1/platform/common/toolchain/src/sl_memory.o
 .debug_ranges  0x00000090       0x10 ./gecko_sdk_3.1.1/platform/emlib/src/em_assert.o
 .debug_ranges  0x000000a0      0x2c8 ./gecko_sdk_3.1.1/platform/emlib/src/em_cmu.o
 .debug_ranges  0x00000368       0xc8 ./gecko_sdk_3.1.1/platform/emlib/src/em_gpio.o
 .debug_ranges  0x00000430       0x20 ./gecko_sdk_3.1.1/platform/emlib/src/em_system.o
 .debug_ranges  0x00000450       0xa8 ./gecko_sdk_3.1.1/platform/emlib/src/em_usart.o
 .debug_ranges  0x000004f8      0x100 ./main.o
 .debug_ranges  0x000005f8       0xa8 ./my_func.o

.debug_macro    0x00000000     0x20b5
 .debug_macro   0x00000000      0x281 ./gecko_sdk_3.1.1/platform/Device/SiliconLabs/BGM13/Source/GCC/startup_bgm13.o
 .debug_macro   0x00000281      0x295 ./gecko_sdk_3.1.1/platform/Device/SiliconLabs/BGM13/Source/system_bgm13.o
 .debug_macro   0x00000516       0x92 ./gecko_sdk_3.1.1/platform/common/toolchain/src/sl_memory.o
 .debug_macro   0x000005a8      0x16d ./gecko_sdk_3.1.1/platform/common/toolchain/src/sl_memory.o
 .debug_macro   0x00000715       0x16 ./gecko_sdk_3.1.1/platform/common/toolchain/src/sl_memory.o
 .debug_macro   0x0000072b       0x2c ./gecko_sdk_3.1.1/platform/emlib/src/em_assert.o
 .debug_macro   0x00000757      0x3d0 ./gecko_sdk_3.1.1/platform/emlib/src/em_cmu.o
 .debug_macro   0x00000b27       0x58 ./gecko_sdk_3.1.1/platform/emlib/src/em_cmu.o
 .debug_macro   0x00000b7f      0x34d ./gecko_sdk_3.1.1/platform/emlib/src/em_cmu.o
 .debug_macro   0x00000ecc       0x25 ./gecko_sdk_3.1.1/platform/emlib/src/em_cmu.o
 .debug_macro   0x00000ef1       0xee ./gecko_sdk_3.1.1/platform/emlib/src/em_cmu.o
 .debug_macro   0x00000fdf       0x87 ./gecko_sdk_3.1.1/platform/emlib/src/em_cmu.o
 .debug_macro   0x00001066      0x2cf ./gecko_sdk_3.1.1/platform/emlib/src/em_gpio.o
 .debug_macro   0x00001335      0x296 ./gecko_sdk_3.1.1/platform/emlib/src/em_system.o
 .debug_macro   0x000015cb      0x312 ./gecko_sdk_3.1.1/platform/emlib/src/em_usart.o
 .debug_macro   0x000018dd       0xeb ./gecko_sdk_3.1.1/platform/emlib/src/em_usart.o
 .debug_macro   0x000019c8      0x303 ./main.o
 .debug_macro   0x00001ccb       0xf1 ./main.o
 .debug_macro   0x00001dbc      0x2f9 ./my_func.o

.debug_line     0x00000000     0x5e42
 .debug_line    0x00000000      0x7d8 ./gecko_sdk_3.1.1/platform/Device/SiliconLabs/BGM13/Source/GCC/startup_bgm13.o
 .debug_line    0x000007d8      0x85c ./gecko_sdk_3.1.1/platform/Device/SiliconLabs/BGM13/Source/system_bgm13.o
 .debug_line    0x00001034      0x39c ./gecko_sdk_3.1.1/platform/common/toolchain/src/sl_memory.o
 .debug_line    0x000013d0      0x1b9 ./gecko_sdk_3.1.1/platform/emlib/src/em_assert.o
 .debug_line    0x00001589     0x1566 ./gecko_sdk_3.1.1/platform/emlib/src/em_cmu.o
 .debug_line    0x00002aef      0xab5 ./gecko_sdk_3.1.1/platform/emlib/src/em_gpio.o
 .debug_line    0x000035a4      0x857 ./gecko_sdk_3.1.1/platform/emlib/src/em_system.o
 .debug_line    0x00003dfb      0xbfc ./gecko_sdk_3.1.1/platform/emlib/src/em_usart.o
 .debug_line    0x000049f7      0xb3d ./main.o
 .debug_line    0x00005534      0x90e ./my_func.o

.debug_str      0x00000000   0x151947
 .debug_str     0x00000000   0x14a49a ./gecko_sdk_3.1.1/platform/Device/SiliconLabs/BGM13/Source/GCC/startup_bgm13.o
                             0x14b378 (size before relaxing)
 .debug_str     0x0014a49a      0x526 ./gecko_sdk_3.1.1/platform/Device/SiliconLabs/BGM13/Source/system_bgm13.o
                             0x14b733 (size before relaxing)
 .debug_str     0x0014a9c0      0x3ba ./gecko_sdk_3.1.1/platform/common/toolchain/src/sl_memory.o
                               0x3fe1 (size before relaxing)
 .debug_str     0x0014ad7a       0x94 ./gecko_sdk_3.1.1/platform/emlib/src/em_assert.o
                               0x2e1d (size before relaxing)
 .debug_str     0x0014ae0e     0x53d4 ./gecko_sdk_3.1.1/platform/emlib/src/em_cmu.o
                             0x150e3a (size before relaxing)
 .debug_str     0x001501e2      0x516 ./gecko_sdk_3.1.1/platform/emlib/src/em_gpio.o
                             0x14cb51 (size before relaxing)
 .debug_str     0x001506f8      0x18a ./gecko_sdk_3.1.1/platform/emlib/src/em_system.o
                             0x14b75f (size before relaxing)
 .debug_str     0x00150882      0xecc ./gecko_sdk_3.1.1/platform/emlib/src/em_usart.o
                             0x14e355 (size before relaxing)
 .debug_str     0x0015174e      0x1b3 ./main.o
                             0x14e3c8 (size before relaxing)
 .debug_str     0x00151901       0x46 ./my_func.o
                             0x14dfad (size before relaxing)

.debug_frame    0x00000000     0x15b0
 .debug_frame   0x00000000       0x38 ./gecko_sdk_3.1.1/platform/Device/SiliconLabs/BGM13/Source/GCC/startup_bgm13.o
 .debug_frame   0x00000038       0xb8 ./gecko_sdk_3.1.1/platform/Device/SiliconLabs/BGM13/Source/system_bgm13.o
 .debug_frame   0x000000f0       0x40 ./gecko_sdk_3.1.1/platform/common/toolchain/src/sl_memory.o
 .debug_frame   0x00000130       0x20 ./gecko_sdk_3.1.1/platform/emlib/src/em_assert.o
 .debug_frame   0x00000150      0x480 ./gecko_sdk_3.1.1/platform/emlib/src/em_cmu.o
 .debug_frame   0x000005d0      0x138 ./gecko_sdk_3.1.1/platform/emlib/src/em_gpio.o
 .debug_frame   0x00000708       0x48 ./gecko_sdk_3.1.1/platform/emlib/src/em_system.o
 .debug_frame   0x00000750      0x1f0 ./gecko_sdk_3.1.1/platform/emlib/src/em_usart.o
 .debug_frame   0x00000940      0x224 ./main.o
 .debug_frame   0x00000b64       0x88 ./my_func.o
 .debug_frame   0x00000bec       0x28 c:/siliconlabs/simplicitystudio/v5/developer/toolchains/gnu_arm/7.2_2017q4/bin/../lib/gcc/arm-none-eabi/7.2.1/../../../../arm-none-eabi/lib/thumb/v7e-m/fpv4-sp/softfp\libc_nano.a(lib_a-exit.o)
 .debug_frame   0x00000c14       0x2c c:/siliconlabs/simplicitystudio/v5/developer/toolchains/gnu_arm/7.2_2017q4/bin/../lib/gcc/arm-none-eabi/7.2.1/../../../../arm-none-eabi/lib/thumb/v7e-m/fpv4-sp/softfp\libc_nano.a(lib_a-init.o)
 .debug_frame   0x00000c40       0x28 c:/siliconlabs/simplicitystudio/v5/developer/toolchains/gnu_arm/7.2_2017q4/bin/../lib/gcc/arm-none-eabi/7.2.1/../../../../arm-none-eabi/lib/thumb/v7e-m/fpv4-sp/softfp\libc_nano.a(lib_a-memcpy-stub.o)
 .debug_frame   0x00000c68       0x20 c:/siliconlabs/simplicitystudio/v5/developer/toolchains/gnu_arm/7.2_2017q4/bin/../lib/gcc/arm-none-eabi/7.2.1/../../../../arm-none-eabi/lib/thumb/v7e-m/fpv4-sp/softfp\libc_nano.a(lib_a-memset.o)
 .debug_frame   0x00000c88       0x74 c:/siliconlabs/simplicitystudio/v5/developer/toolchains/gnu_arm/7.2_2017q4/bin/../lib/gcc/arm-none-eabi/7.2.1/../../../../arm-none-eabi/lib/thumb/v7e-m/fpv4-sp/softfp\libc_nano.a(lib_a-printf.o)
 .debug_frame   0x00000cfc       0x6c c:/siliconlabs/simplicitystudio/v5/developer/toolchains/gnu_arm/7.2_2017q4/bin/../lib/gcc/arm-none-eabi/7.2.1/../../../../arm-none-eabi/lib/thumb/v7e-m/fpv4-sp/softfp\libc_nano.a(lib_a-sprintf.o)
 .debug_frame   0x00000d68      0x11c c:/siliconlabs/simplicitystudio/v5/developer/toolchains/gnu_arm/7.2_2017q4/bin/../lib/gcc/arm-none-eabi/7.2.1/../../../../arm-none-eabi/lib/thumb/v7e-m/fpv4-sp/softfp\libc_nano.a(lib_a-findfp.o)
 .debug_frame   0x00000e84       0x54 c:/siliconlabs/simplicitystudio/v5/developer/toolchains/gnu_arm/7.2_2017q4/bin/../lib/gcc/arm-none-eabi/7.2.1/../../../../arm-none-eabi/lib/thumb/v7e-m/fpv4-sp/softfp\libc_nano.a(lib_a-fwalk.o)
 .debug_frame   0x00000ed8       0x2c c:/siliconlabs/simplicitystudio/v5/developer/toolchains/gnu_arm/7.2_2017q4/bin/../lib/gcc/arm-none-eabi/7.2.1/../../../../arm-none-eabi/lib/thumb/v7e-m/fpv4-sp/softfp\libc_nano.a(lib_a-nano-mallocr.o)
 .debug_frame   0x00000f04       0x90 c:/siliconlabs/simplicitystudio/v5/developer/toolchains/gnu_arm/7.2_2017q4/bin/../lib/gcc/arm-none-eabi/7.2.1/../../../../arm-none-eabi/lib/thumb/v7e-m/fpv4-sp/softfp\libc_nano.a(lib_a-nano-svfprintf.o)
 .debug_frame   0x00000f94       0xac c:/siliconlabs/simplicitystudio/v5/developer/toolchains/gnu_arm/7.2_2017q4/bin/../lib/gcc/arm-none-eabi/7.2.1/../../../../arm-none-eabi/lib/thumb/v7e-m/fpv4-sp/softfp\libc_nano.a(lib_a-nano-vfprintf.o)
 .debug_frame   0x00001040       0x60 c:/siliconlabs/simplicitystudio/v5/developer/toolchains/gnu_arm/7.2_2017q4/bin/../lib/gcc/arm-none-eabi/7.2.1/../../../../arm-none-eabi/lib/thumb/v7e-m/fpv4-sp/softfp\libc_nano.a(lib_a-nano-vfprintf_i.o)
 .debug_frame   0x000010a0       0x2c c:/siliconlabs/simplicitystudio/v5/developer/toolchains/gnu_arm/7.2_2017q4/bin/../lib/gcc/arm-none-eabi/7.2.1/../../../../arm-none-eabi/lib/thumb/v7e-m/fpv4-sp/softfp\libc_nano.a(lib_a-sbrkr.o)
 .debug_frame   0x000010cc       0x88 c:/siliconlabs/simplicitystudio/v5/developer/toolchains/gnu_arm/7.2_2017q4/bin/../lib/gcc/arm-none-eabi/7.2.1/../../../../arm-none-eabi/lib/thumb/v7e-m/fpv4-sp/softfp\libc_nano.a(lib_a-stdio.o)
 .debug_frame   0x00001154       0x40 c:/siliconlabs/simplicitystudio/v5/developer/toolchains/gnu_arm/7.2_2017q4/bin/../lib/gcc/arm-none-eabi/7.2.1/../../../../arm-none-eabi/lib/thumb/v7e-m/fpv4-sp/softfp\libc_nano.a(lib_a-wbuf.o)
 .debug_frame   0x00001194       0x2c c:/siliconlabs/simplicitystudio/v5/developer/toolchains/gnu_arm/7.2_2017q4/bin/../lib/gcc/arm-none-eabi/7.2.1/../../../../arm-none-eabi/lib/thumb/v7e-m/fpv4-sp/softfp\libc_nano.a(lib_a-writer.o)
 .debug_frame   0x000011c0       0x2c c:/siliconlabs/simplicitystudio/v5/developer/toolchains/gnu_arm/7.2_2017q4/bin/../lib/gcc/arm-none-eabi/7.2.1/../../../../arm-none-eabi/lib/thumb/v7e-m/fpv4-sp/softfp\libc_nano.a(lib_a-wsetup.o)
 .debug_frame   0x000011ec       0x2c c:/siliconlabs/simplicitystudio/v5/developer/toolchains/gnu_arm/7.2_2017q4/bin/../lib/gcc/arm-none-eabi/7.2.1/../../../../arm-none-eabi/lib/thumb/v7e-m/fpv4-sp/softfp\libc_nano.a(lib_a-closer.o)
 .debug_frame   0x00001218       0x68 c:/siliconlabs/simplicitystudio/v5/developer/toolchains/gnu_arm/7.2_2017q4/bin/../lib/gcc/arm-none-eabi/7.2.1/../../../../arm-none-eabi/lib/thumb/v7e-m/fpv4-sp/softfp\libc_nano.a(lib_a-fflush.o)
 .debug_frame   0x00001280       0x2c c:/siliconlabs/simplicitystudio/v5/developer/toolchains/gnu_arm/7.2_2017q4/bin/../lib/gcc/arm-none-eabi/7.2.1/../../../../arm-none-eabi/lib/thumb/v7e-m/fpv4-sp/softfp\libc_nano.a(lib_a-lseekr.o)
 .debug_frame   0x000012ac       0x58 c:/siliconlabs/simplicitystudio/v5/developer/toolchains/gnu_arm/7.2_2017q4/bin/../lib/gcc/arm-none-eabi/7.2.1/../../../../arm-none-eabi/lib/thumb/v7e-m/fpv4-sp/softfp\libc_nano.a(lib_a-makebuf.o)
 .debug_frame   0x00001304       0x28 c:/siliconlabs/simplicitystudio/v5/developer/toolchains/gnu_arm/7.2_2017q4/bin/../lib/gcc/arm-none-eabi/7.2.1/../../../../arm-none-eabi/lib/thumb/v7e-m/fpv4-sp/softfp\libc_nano.a(lib_a-memmove.o)
 .debug_frame   0x0000132c       0x30 c:/siliconlabs/simplicitystudio/v5/developer/toolchains/gnu_arm/7.2_2017q4/bin/../lib/gcc/arm-none-eabi/7.2.1/../../../../arm-none-eabi/lib/thumb/v7e-m/fpv4-sp/softfp\libc_nano.a(lib_a-mlock.o)
 .debug_frame   0x0000135c       0x38 c:/siliconlabs/simplicitystudio/v5/developer/toolchains/gnu_arm/7.2_2017q4/bin/../lib/gcc/arm-none-eabi/7.2.1/../../../../arm-none-eabi/lib/thumb/v7e-m/fpv4-sp/softfp\libc_nano.a(lib_a-nano-freer.o)
 .debug_frame   0x00001394       0x3c c:/siliconlabs/simplicitystudio/v5/developer/toolchains/gnu_arm/7.2_2017q4/bin/../lib/gcc/arm-none-eabi/7.2.1/../../../../arm-none-eabi/lib/thumb/v7e-m/fpv4-sp/softfp\libc_nano.a(lib_a-nano-reallocr.o)
 .debug_frame   0x000013d0       0x2c c:/siliconlabs/simplicitystudio/v5/developer/toolchains/gnu_arm/7.2_2017q4/bin/../lib/gcc/arm-none-eabi/7.2.1/../../../../arm-none-eabi/lib/thumb/v7e-m/fpv4-sp/softfp\libc_nano.a(lib_a-readr.o)
 .debug_frame   0x000013fc       0x5c c:/siliconlabs/simplicitystudio/v5/developer/toolchains/gnu_arm/7.2_2017q4/bin/../lib/gcc/arm-none-eabi/7.2.1/../../../../arm-none-eabi/lib/thumb/v7e-m/fpv4-sp/softfp\libc_nano.a(lib_a-reent.o)
 .debug_frame   0x00001458       0x2c c:/siliconlabs/simplicitystudio/v5/developer/toolchains/gnu_arm/7.2_2017q4/bin/../lib/gcc/arm-none-eabi/7.2.1/../../../../arm-none-eabi/lib/thumb/v7e-m/fpv4-sp/softfp\libc_nano.a(lib_a-fstatr.o)
 .debug_frame   0x00001484       0x2c c:/siliconlabs/simplicitystudio/v5/developer/toolchains/gnu_arm/7.2_2017q4/bin/../lib/gcc/arm-none-eabi/7.2.1/../../../../arm-none-eabi/lib/thumb/v7e-m/fpv4-sp/softfp\libc_nano.a(lib_a-isattyr.o)
 .debug_frame   0x000014b0       0x20 c:/siliconlabs/simplicitystudio/v5/developer/toolchains/gnu_arm/7.2_2017q4/bin/../lib/gcc/arm-none-eabi/7.2.1/../../../../arm-none-eabi/lib/thumb/v7e-m/fpv4-sp/softfp\libc_nano.a(lib_a-nano-msizer.o)
 .debug_frame   0x000014d0       0x20 c:/siliconlabs/simplicitystudio/v5/developer/toolchains/gnu_arm/7.2_2017q4/bin/../lib/gcc/arm-none-eabi/7.2.1/../../../../arm-none-eabi/lib/thumb/v7e-m/fpv4-sp/softfp\libnosys.a(close.o)
 .debug_frame   0x000014f0       0x20 c:/siliconlabs/simplicitystudio/v5/developer/toolchains/gnu_arm/7.2_2017q4/bin/../lib/gcc/arm-none-eabi/7.2.1/../../../../arm-none-eabi/lib/thumb/v7e-m/fpv4-sp/softfp\libnosys.a(fstat.o)
 .debug_frame   0x00001510       0x20 c:/siliconlabs/simplicitystudio/v5/developer/toolchains/gnu_arm/7.2_2017q4/bin/../lib/gcc/arm-none-eabi/7.2.1/../../../../arm-none-eabi/lib/thumb/v7e-m/fpv4-sp/softfp\libnosys.a(isatty.o)
 .debug_frame   0x00001530       0x20 c:/siliconlabs/simplicitystudio/v5/developer/toolchains/gnu_arm/7.2_2017q4/bin/../lib/gcc/arm-none-eabi/7.2.1/../../../../arm-none-eabi/lib/thumb/v7e-m/fpv4-sp/softfp\libnosys.a(lseek.o)
 .debug_frame   0x00001550       0x20 c:/siliconlabs/simplicitystudio/v5/developer/toolchains/gnu_arm/7.2_2017q4/bin/../lib/gcc/arm-none-eabi/7.2.1/../../../../arm-none-eabi/lib/thumb/v7e-m/fpv4-sp/softfp\libnosys.a(read.o)
 .debug_frame   0x00001570       0x20 c:/siliconlabs/simplicitystudio/v5/developer/toolchains/gnu_arm/7.2_2017q4/bin/../lib/gcc/arm-none-eabi/7.2.1/../../../../arm-none-eabi/lib/thumb/v7e-m/fpv4-sp/softfp\libnosys.a(write.o)
 .debug_frame   0x00001590       0x20 c:/siliconlabs/simplicitystudio/v5/developer/toolchains/gnu_arm/7.2_2017q4/bin/../lib/gcc/arm-none-eabi/7.2.1/../../../../arm-none-eabi/lib/thumb/v7e-m/fpv4-sp/softfp\libnosys.a(_exit.o)

.stab           0x00000000       0x9c
 .stab          0x00000000       0x24 c:/siliconlabs/simplicitystudio/v5/developer/toolchains/gnu_arm/7.2_2017q4/bin/../lib/gcc/arm-none-eabi/7.2.1/../../../../arm-none-eabi/lib/thumb/v7e-m/fpv4-sp/softfp\libnosys.a(close.o)
 .stab          0x00000024       0x18 c:/siliconlabs/simplicitystudio/v5/developer/toolchains/gnu_arm/7.2_2017q4/bin/../lib/gcc/arm-none-eabi/7.2.1/../../../../arm-none-eabi/lib/thumb/v7e-m/fpv4-sp/softfp\libnosys.a(fstat.o)
                                 0x24 (size before relaxing)
 .stab          0x0000003c       0x18 c:/siliconlabs/simplicitystudio/v5/developer/toolchains/gnu_arm/7.2_2017q4/bin/../lib/gcc/arm-none-eabi/7.2.1/../../../../arm-none-eabi/lib/thumb/v7e-m/fpv4-sp/softfp\libnosys.a(isatty.o)
                                 0x24 (size before relaxing)
 .stab          0x00000054       0x18 c:/siliconlabs/simplicitystudio/v5/developer/toolchains/gnu_arm/7.2_2017q4/bin/../lib/gcc/arm-none-eabi/7.2.1/../../../../arm-none-eabi/lib/thumb/v7e-m/fpv4-sp/softfp\libnosys.a(lseek.o)
                                 0x24 (size before relaxing)
 .stab          0x0000006c       0x18 c:/siliconlabs/simplicitystudio/v5/developer/toolchains/gnu_arm/7.2_2017q4/bin/../lib/gcc/arm-none-eabi/7.2.1/../../../../arm-none-eabi/lib/thumb/v7e-m/fpv4-sp/softfp\libnosys.a(read.o)
                                 0x24 (size before relaxing)
 .stab          0x00000084       0x18 c:/siliconlabs/simplicitystudio/v5/developer/toolchains/gnu_arm/7.2_2017q4/bin/../lib/gcc/arm-none-eabi/7.2.1/../../../../arm-none-eabi/lib/thumb/v7e-m/fpv4-sp/softfp\libnosys.a(write.o)
                                 0x24 (size before relaxing)

.stabstr        0x00000000      0x14d
 .stabstr       0x00000000      0x14d c:/siliconlabs/simplicitystudio/v5/developer/toolchains/gnu_arm/7.2_2017q4/bin/../lib/gcc/arm-none-eabi/7.2.1/../../../../arm-none-eabi/lib/thumb/v7e-m/fpv4-sp/softfp\libnosys.a(close.o)
